W1008 08:22:30.653000 11047 site-packages/torch/distributed/run.py:852] 
W1008 08:22:30.653000 11047 site-packages/torch/distributed/run.py:852] *****************************************
W1008 08:22:30.653000 11047 site-packages/torch/distributed/run.py:852] Setting OMP_NUM_THREADS environment variable for each process to be 1 in default, to avoid your system being overloaded, please further tune the variable for optimal performance in your application as needed. 
W1008 08:22:30.653000 11047 site-packages/torch/distributed/run.py:852] *****************************************
logs/585c4d6a-5c73-4714-a34a-d4d11ea87a49.txt
step:0/1695 val_loss:10.8258 train_time:0ms step_avg:0.02ms
step:1/1695 train_loss:10.8258 train_time:270ms step_avg:270.11ms
step:2/1695 train_loss:10.1861 train_time:489ms step_avg:244.67ms
step:3/1695 train_loss:8.2564 train_time:717ms step_avg:239.05ms
step:4/1695 train_loss:7.4882 train_time:949ms step_avg:237.14ms
step:5/1695 train_loss:7.0606 train_time:1180ms step_avg:235.95ms
step:6/1695 train_loss:7.2078 train_time:1411ms step_avg:235.25ms
step:7/1695 train_loss:6.5318 train_time:1641ms step_avg:234.44ms
step:8/1695 train_loss:6.5306 train_time:1875ms step_avg:234.37ms
step:9/1695 train_loss:6.4748 train_time:2105ms step_avg:233.89ms
step:10/1695 train_loss:6.4008 train_time:2339ms step_avg:233.86ms
step:11/1695 train_loss:6.4665 train_time:2569ms step_avg:233.53ms
step:12/1695 train_loss:6.5110 train_time:2799ms step_avg:233.23ms
step:13/1695 train_loss:6.3292 train_time:3031ms step_avg:233.19ms
step:14/1695 train_loss:6.2029 train_time:3262ms step_avg:232.97ms
step:15/1695 train_loss:6.2729 train_time:3493ms step_avg:232.90ms
step:16/1695 train_loss:6.0899 train_time:3725ms step_avg:232.80ms
step:17/1695 train_loss:6.1600 train_time:3956ms step_avg:232.71ms
step:18/1695 train_loss:5.9873 train_time:4187ms step_avg:232.58ms
step:19/1695 train_loss:5.9596 train_time:4417ms step_avg:232.49ms
step:20/1695 train_loss:5.7849 train_time:4650ms step_avg:232.51ms
step:21/1695 train_loss:5.6894 train_time:4881ms step_avg:232.44ms
step:22/1695 train_loss:5.6052 train_time:5112ms step_avg:232.35ms
step:23/1695 train_loss:5.8907 train_time:5344ms step_avg:232.35ms
step:24/1695 train_loss:5.7119 train_time:5575ms step_avg:232.29ms
step:25/1695 train_loss:5.7122 train_time:5807ms step_avg:232.29ms
step:26/1695 train_loss:5.6762 train_time:6037ms step_avg:232.20ms
step:27/1695 train_loss:5.7322 train_time:6270ms step_avg:232.20ms
step:28/1695 train_loss:5.7050 train_time:6501ms step_avg:232.18ms
step:29/1695 train_loss:5.5366 train_time:6733ms step_avg:232.19ms
step:30/1695 train_loss:5.4980 train_time:6966ms step_avg:232.20ms
step:31/1695 train_loss:5.6156 train_time:7199ms step_avg:232.21ms
step:32/1695 train_loss:5.6499 train_time:7431ms step_avg:232.22ms
step:33/1695 train_loss:5.5339 train_time:7664ms step_avg:232.25ms
step:34/1695 train_loss:5.4945 train_time:7898ms step_avg:232.29ms
step:35/1695 train_loss:5.3623 train_time:8130ms step_avg:232.30ms
step:36/1695 train_loss:5.3489 train_time:8366ms step_avg:232.38ms
step:37/1695 train_loss:5.4808 train_time:8599ms step_avg:232.40ms
step:38/1695 train_loss:5.4592 train_time:8832ms step_avg:232.41ms
step:39/1695 train_loss:5.4811 train_time:9066ms step_avg:232.46ms
step:40/1695 train_loss:5.4646 train_time:9299ms step_avg:232.49ms
step:41/1695 train_loss:5.3825 train_time:9535ms step_avg:232.55ms
step:42/1695 train_loss:5.3298 train_time:9766ms step_avg:232.53ms
step:43/1695 train_loss:5.1898 train_time:10001ms step_avg:232.57ms
step:44/1695 train_loss:5.2052 train_time:10233ms step_avg:232.57ms
step:45/1695 train_loss:5.4452 train_time:10469ms step_avg:232.64ms
step:46/1695 train_loss:5.2004 train_time:10700ms step_avg:232.62ms
step:47/1695 train_loss:5.2484 train_time:10936ms step_avg:232.68ms
step:48/1695 train_loss:5.2039 train_time:11169ms step_avg:232.70ms
step:49/1695 train_loss:5.1902 train_time:11404ms step_avg:232.72ms
step:50/1695 train_loss:5.3664 train_time:11638ms step_avg:232.76ms
step:51/1695 train_loss:5.2838 train_time:11871ms step_avg:232.76ms
step:52/1695 train_loss:5.1729 train_time:12105ms step_avg:232.78ms
step:53/1695 train_loss:5.1593 train_time:12338ms step_avg:232.79ms
step:54/1695 train_loss:5.3288 train_time:12573ms step_avg:232.83ms
step:55/1695 train_loss:5.1661 train_time:12806ms step_avg:232.84ms
step:56/1695 train_loss:5.4318 train_time:13040ms step_avg:232.86ms
step:57/1695 train_loss:5.1863 train_time:13274ms step_avg:232.87ms
step:58/1695 train_loss:5.2362 train_time:13508ms step_avg:232.90ms
step:59/1695 train_loss:5.0726 train_time:13742ms step_avg:232.91ms
step:60/1695 train_loss:5.1524 train_time:13975ms step_avg:232.92ms
step:61/1695 train_loss:5.2038 train_time:14210ms step_avg:232.96ms
step:62/1695 train_loss:5.1836 train_time:14444ms step_avg:232.96ms
step:63/1695 train_loss:5.2148 train_time:14678ms step_avg:232.99ms
step:64/1695 train_loss:5.1092 train_time:14911ms step_avg:232.99ms
step:65/1695 train_loss:5.2298 train_time:15147ms step_avg:233.04ms
step:66/1695 train_loss:10.0690 train_time:15376ms step_avg:232.98ms
step:67/1695 train_loss:9.3804 train_time:15607ms step_avg:232.93ms
step:68/1695 train_loss:8.8070 train_time:15836ms step_avg:232.88ms
step:69/1695 train_loss:8.1910 train_time:16067ms step_avg:232.86ms
step:70/1695 train_loss:8.0821 train_time:16297ms step_avg:232.81ms
step:71/1695 train_loss:7.9634 train_time:16527ms step_avg:232.77ms
step:72/1695 train_loss:7.9412 train_time:16757ms step_avg:232.74ms
step:73/1695 train_loss:7.8590 train_time:16987ms step_avg:232.69ms
step:74/1695 train_loss:8.0602 train_time:17218ms step_avg:232.68ms
step:75/1695 train_loss:7.9770 train_time:17447ms step_avg:232.63ms
step:76/1695 train_loss:7.8556 train_time:17679ms step_avg:232.61ms
step:77/1695 train_loss:7.9862 train_time:17908ms step_avg:232.57ms
step:78/1695 train_loss:7.8385 train_time:18137ms step_avg:232.53ms
step:79/1695 train_loss:7.7339 train_time:18369ms step_avg:232.52ms
step:80/1695 train_loss:7.8087 train_time:18600ms step_avg:232.50ms
step:81/1695 train_loss:7.7113 train_time:18830ms step_avg:232.47ms
step:82/1695 train_loss:7.7224 train_time:19061ms step_avg:232.45ms
step:83/1695 train_loss:7.7714 train_time:19291ms step_avg:232.43ms
step:84/1695 train_loss:7.6156 train_time:19521ms step_avg:232.39ms
step:85/1695 train_loss:7.6874 train_time:19752ms step_avg:232.37ms
step:86/1695 train_loss:7.6478 train_time:19981ms step_avg:232.34ms
step:87/1695 train_loss:7.8550 train_time:20211ms step_avg:232.32ms
step:88/1695 train_loss:7.6691 train_time:20442ms step_avg:232.30ms
step:89/1695 train_loss:7.7617 train_time:20672ms step_avg:232.27ms
step:90/1695 train_loss:7.7376 train_time:20902ms step_avg:232.25ms
step:91/1695 train_loss:7.6757 train_time:21132ms step_avg:232.22ms
step:92/1695 train_loss:7.6502 train_time:21362ms step_avg:232.19ms
step:93/1695 train_loss:7.7693 train_time:21592ms step_avg:232.18ms
step:94/1695 train_loss:7.7290 train_time:21821ms step_avg:232.14ms
step:95/1695 train_loss:7.7481 train_time:22051ms step_avg:232.12ms
step:96/1695 train_loss:7.7081 train_time:22282ms step_avg:232.11ms
step:97/1695 train_loss:7.9010 train_time:22514ms step_avg:232.10ms
step:98/1695 train_loss:7.8178 train_time:22743ms step_avg:232.08ms
step:99/1695 train_loss:7.6233 train_time:22973ms step_avg:232.05ms
step:100/1695 train_loss:7.7139 train_time:23204ms step_avg:232.04ms
step:101/1695 train_loss:7.7585 train_time:23433ms step_avg:232.01ms
step:102/1695 train_loss:7.7871 train_time:23665ms step_avg:232.01ms
step:103/1695 train_loss:7.7847 train_time:23894ms step_avg:231.99ms
step:104/1695 train_loss:7.6919 train_time:24125ms step_avg:231.97ms
step:105/1695 train_loss:7.9174 train_time:24357ms step_avg:231.97ms
step:106/1695 train_loss:7.6637 train_time:24585ms step_avg:231.94ms
step:107/1695 train_loss:7.8274 train_time:24813ms step_avg:231.90ms
step:108/1695 train_loss:7.6840 train_time:25044ms step_avg:231.89ms
step:109/1695 train_loss:8.0677 train_time:25274ms step_avg:231.87ms
step:110/1695 train_loss:7.8393 train_time:25502ms step_avg:231.84ms
step:111/1695 train_loss:7.7211 train_time:25733ms step_avg:231.83ms
step:112/1695 train_loss:7.6231 train_time:25964ms step_avg:231.82ms
step:113/1695 train_loss:7.6485 train_time:26191ms step_avg:231.78ms
step:114/1695 train_loss:7.7897 train_time:26422ms step_avg:231.77ms
step:115/1695 train_loss:7.7060 train_time:26652ms step_avg:231.76ms
step:116/1695 train_loss:7.7503 train_time:26882ms step_avg:231.74ms
step:117/1695 train_loss:7.6238 train_time:27112ms step_avg:231.73ms
step:118/1695 train_loss:7.6770 train_time:27342ms step_avg:231.71ms
step:119/1695 train_loss:7.8930 train_time:27573ms step_avg:231.71ms
step:120/1695 train_loss:7.6956 train_time:27803ms step_avg:231.69ms
step:121/1695 train_loss:7.7289 train_time:28033ms step_avg:231.68ms
step:122/1695 train_loss:7.6780 train_time:28264ms step_avg:231.67ms
step:123/1695 train_loss:7.7701 train_time:28494ms step_avg:231.66ms
step:124/1695 train_loss:7.4156 train_time:28724ms step_avg:231.65ms
step:125/1695 train_loss:7.7617 train_time:28954ms step_avg:231.64ms
step:125/1695 val_loss:7.7171 train_time:28965ms step_avg:231.72ms
step:126/1695 train_loss:7.7847 train_time:29188ms step_avg:231.65ms
step:127/1695 train_loss:7.7152 train_time:29419ms step_avg:231.64ms
step:128/1695 train_loss:7.6866 train_time:29652ms step_avg:231.66ms
step:129/1695 train_loss:7.7436 train_time:29879ms step_avg:231.62ms
step:130/1695 train_loss:7.6606 train_time:30107ms step_avg:231.60ms
step:131/1695 train_loss:7.6744 train_time:30338ms step_avg:231.58ms
step:132/1695 train_loss:7.7244 train_time:30567ms step_avg:231.57ms
step:133/1695 train_loss:7.6969 train_time:30797ms step_avg:231.56ms
step:134/1695 train_loss:7.5534 train_time:31027ms step_avg:231.55ms
step:135/1695 train_loss:7.6355 train_time:31257ms step_avg:231.53ms
step:136/1695 train_loss:7.6446 train_time:31486ms step_avg:231.51ms
step:137/1695 train_loss:7.7681 train_time:31715ms step_avg:231.50ms
step:138/1695 train_loss:7.5642 train_time:31944ms step_avg:231.48ms
step:139/1695 train_loss:7.5790 train_time:32174ms step_avg:231.46ms
step:140/1695 train_loss:7.7178 train_time:32403ms step_avg:231.45ms
step:141/1695 train_loss:7.7746 train_time:32634ms step_avg:231.45ms
step:142/1695 train_loss:7.8528 train_time:32862ms step_avg:231.43ms
step:143/1695 train_loss:7.8343 train_time:33092ms step_avg:231.41ms
step:144/1695 train_loss:7.7865 train_time:33320ms step_avg:231.39ms
step:145/1695 train_loss:7.6487 train_time:33550ms step_avg:231.38ms
step:146/1695 train_loss:7.7150 train_time:33780ms step_avg:231.37ms
step:147/1695 train_loss:7.6360 train_time:34009ms step_avg:231.35ms
step:148/1695 train_loss:7.7115 train_time:34239ms step_avg:231.35ms
step:149/1695 train_loss:7.6753 train_time:34469ms step_avg:231.34ms
step:150/1695 train_loss:7.7722 train_time:34697ms step_avg:231.31ms
step:151/1695 train_loss:7.6615 train_time:34926ms step_avg:231.30ms
step:152/1695 train_loss:7.6999 train_time:35157ms step_avg:231.29ms
step:153/1695 train_loss:7.6533 train_time:35385ms step_avg:231.27ms
step:154/1695 train_loss:7.7509 train_time:35616ms step_avg:231.27ms
step:155/1695 train_loss:7.6442 train_time:35845ms step_avg:231.26ms
step:156/1695 train_loss:7.7497 train_time:36074ms step_avg:231.24ms
step:157/1695 train_loss:7.7915 train_time:36303ms step_avg:231.23ms
step:158/1695 train_loss:7.8517 train_time:36534ms step_avg:231.23ms
step:159/1695 train_loss:7.7432 train_time:36762ms step_avg:231.21ms
step:160/1695 train_loss:7.9116 train_time:36992ms step_avg:231.20ms
step:161/1695 train_loss:9.5584 train_time:37222ms step_avg:231.19ms
step:162/1695 train_loss:10.3611 train_time:37451ms step_avg:231.18ms
step:163/1695 train_loss:9.4057 train_time:37681ms step_avg:231.17ms
step:164/1695 train_loss:10.8265 train_time:37909ms step_avg:231.15ms
step:165/1695 train_loss:10.4910 train_time:38138ms step_avg:231.14ms
step:166/1695 train_loss:10.7604 train_time:38368ms step_avg:231.13ms
step:167/1695 train_loss:9.2904 train_time:38596ms step_avg:231.12ms
step:168/1695 train_loss:8.8988 train_time:38825ms step_avg:231.10ms
step:169/1695 train_loss:9.2342 train_time:39055ms step_avg:231.09ms
step:170/1695 train_loss:9.4262 train_time:39283ms step_avg:231.08ms
step:171/1695 train_loss:8.7018 train_time:39512ms step_avg:231.06ms
step:172/1695 train_loss:8.5563 train_time:39739ms step_avg:231.04ms
step:173/1695 train_loss:8.4156 train_time:39969ms step_avg:231.04ms
step:174/1695 train_loss:8.3323 train_time:40198ms step_avg:231.02ms
step:175/1695 train_loss:8.2279 train_time:40426ms step_avg:231.00ms
step:176/1695 train_loss:8.3818 train_time:40655ms step_avg:231.00ms
step:177/1695 train_loss:8.2301 train_time:40885ms step_avg:230.99ms
step:178/1695 train_loss:7.8635 train_time:41112ms step_avg:230.97ms
step:179/1695 train_loss:8.0156 train_time:41343ms step_avg:230.97ms
step:180/1695 train_loss:7.9381 train_time:41570ms step_avg:230.95ms
step:181/1695 train_loss:7.9922 train_time:41798ms step_avg:230.93ms
step:182/1695 train_loss:7.9669 train_time:42029ms step_avg:230.93ms
step:183/1695 train_loss:8.1417 train_time:42256ms step_avg:230.91ms
step:184/1695 train_loss:7.9318 train_time:42484ms step_avg:230.89ms
step:185/1695 train_loss:7.9115 train_time:42713ms step_avg:230.88ms
step:186/1695 train_loss:7.9960 train_time:42943ms step_avg:230.87ms
step:187/1695 train_loss:7.9440 train_time:43171ms step_avg:230.86ms
step:188/1695 train_loss:7.8806 train_time:43400ms step_avg:230.85ms
step:189/1695 train_loss:7.8582 train_time:43628ms step_avg:230.84ms
step:190/1695 train_loss:7.8074 train_time:43859ms step_avg:230.84ms
step:191/1695 train_loss:7.8442 train_time:44089ms step_avg:230.83ms
step:192/1695 train_loss:7.8815 train_time:44319ms step_avg:230.83ms
step:193/1695 train_loss:7.9702 train_time:44548ms step_avg:230.82ms
step:194/1695 train_loss:7.9938 train_time:44777ms step_avg:230.81ms
step:195/1695 train_loss:7.9501 train_time:45007ms step_avg:230.80ms
step:196/1695 train_loss:7.8263 train_time:45237ms step_avg:230.80ms
step:197/1695 train_loss:7.9586 train_time:45466ms step_avg:230.79ms
step:198/1695 train_loss:8.1173 train_time:45696ms step_avg:230.79ms
step:199/1695 train_loss:7.7764 train_time:45926ms step_avg:230.78ms
step:200/1695 train_loss:7.8915 train_time:46155ms step_avg:230.78ms
step:201/1695 train_loss:7.8069 train_time:46385ms step_avg:230.77ms
step:202/1695 train_loss:7.9053 train_time:46614ms step_avg:230.76ms
step:203/1695 train_loss:7.9704 train_time:46843ms step_avg:230.75ms
step:204/1695 train_loss:7.9493 train_time:47073ms step_avg:230.75ms
step:205/1695 train_loss:8.0247 train_time:47302ms step_avg:230.74ms
step:206/1695 train_loss:8.0019 train_time:47532ms step_avg:230.74ms
step:207/1695 train_loss:7.8196 train_time:47762ms step_avg:230.73ms
step:208/1695 train_loss:7.7909 train_time:47991ms step_avg:230.73ms
step:209/1695 train_loss:8.0214 train_time:48220ms step_avg:230.72ms
step:210/1695 train_loss:7.9898 train_time:48450ms step_avg:230.71ms
step:211/1695 train_loss:10.8258 train_time:48672ms step_avg:230.67ms
step:212/1695 train_loss:10.8258 train_time:48893ms step_avg:230.63ms
step:213/1695 train_loss:10.8258 train_time:49115ms step_avg:230.59ms
step:214/1695 train_loss:10.8258 train_time:49337ms step_avg:230.55ms
step:215/1695 train_loss:10.8258 train_time:49558ms step_avg:230.50ms
step:216/1695 train_loss:10.8258 train_time:49780ms step_avg:230.47ms
step:217/1695 train_loss:10.8258 train_time:50002ms step_avg:230.42ms
step:218/1695 train_loss:10.8258 train_time:50224ms step_avg:230.38ms
step:219/1695 train_loss:10.8258 train_time:50446ms step_avg:230.35ms
step:220/1695 train_loss:10.8258 train_time:50667ms step_avg:230.31ms
step:221/1695 train_loss:10.8258 train_time:50889ms step_avg:230.27ms
step:222/1695 train_loss:10.8258 train_time:51111ms step_avg:230.23ms
step:223/1695 train_loss:10.8258 train_time:51332ms step_avg:230.19ms
step:224/1695 train_loss:10.8258 train_time:51554ms step_avg:230.15ms
step:225/1695 train_loss:10.8258 train_time:51777ms step_avg:230.12ms
step:226/1695 train_loss:10.8258 train_time:51999ms step_avg:230.08ms
step:227/1695 train_loss:10.8258 train_time:52220ms step_avg:230.04ms
step:228/1695 train_loss:10.8258 train_time:52443ms step_avg:230.01ms
step:229/1695 train_loss:10.8258 train_time:52665ms step_avg:229.98ms
step:230/1695 train_loss:10.8258 train_time:52887ms step_avg:229.94ms
step:231/1695 train_loss:10.8258 train_time:53109ms step_avg:229.91ms
step:232/1695 train_loss:10.8258 train_time:53331ms step_avg:229.87ms
step:233/1695 train_loss:10.8258 train_time:53553ms step_avg:229.84ms
step:234/1695 train_loss:10.8258 train_time:53776ms step_avg:229.81ms
step:235/1695 train_loss:10.8258 train_time:53997ms step_avg:229.78ms
step:236/1695 train_loss:10.8258 train_time:54219ms step_avg:229.74ms
step:237/1695 train_loss:10.8258 train_time:54440ms step_avg:229.71ms
step:238/1695 train_loss:10.8258 train_time:54665ms step_avg:229.68ms
step:239/1695 train_loss:10.8258 train_time:54887ms step_avg:229.65ms
step:240/1695 train_loss:10.8258 train_time:55110ms step_avg:229.62ms
step:241/1695 train_loss:10.8258 train_time:55332ms step_avg:229.59ms
step:242/1695 train_loss:10.8258 train_time:55553ms step_avg:229.56ms
step:243/1695 train_loss:10.8258 train_time:55775ms step_avg:229.53ms
step:244/1695 train_loss:10.8258 train_time:55998ms step_avg:229.50ms
step:245/1695 train_loss:10.8258 train_time:56221ms step_avg:229.47ms
step:246/1695 train_loss:10.8258 train_time:56486ms step_avg:229.62ms
step:247/1695 train_loss:10.8258 train_time:56707ms step_avg:229.58ms
step:248/1695 train_loss:10.8258 train_time:56929ms step_avg:229.55ms
step:249/1695 train_loss:10.8258 train_time:57151ms step_avg:229.52ms
step:250/1695 train_loss:10.8258 train_time:57373ms step_avg:229.49ms
step:250/1695 val_loss:10.8258 train_time:57374ms step_avg:229.50ms
step:251/1695 train_loss:10.8258 train_time:57592ms step_avg:229.45ms
step:252/1695 train_loss:10.8258 train_time:57813ms step_avg:229.42ms
step:253/1695 train_loss:10.8258 train_time:58038ms step_avg:229.40ms
step:254/1695 train_loss:10.8258 train_time:58262ms step_avg:229.38ms
step:255/1695 train_loss:10.8258 train_time:58486ms step_avg:229.36ms
step:256/1695 train_loss:10.8258 train_time:58711ms step_avg:229.34ms
step:257/1695 train_loss:10.8258 train_time:58935ms step_avg:229.32ms
step:258/1695 train_loss:10.8258 train_time:59159ms step_avg:229.30ms
step:259/1695 train_loss:10.8258 train_time:59381ms step_avg:229.27ms
step:260/1695 train_loss:10.8258 train_time:59605ms step_avg:229.25ms
step:261/1695 train_loss:10.8258 train_time:59828ms step_avg:229.23ms
step:262/1695 train_loss:10.8258 train_time:60050ms step_avg:229.20ms
step:263/1695 train_loss:10.8258 train_time:60273ms step_avg:229.18ms
step:264/1695 train_loss:10.8258 train_time:60496ms step_avg:229.15ms
step:265/1695 train_loss:10.8258 train_time:60719ms step_avg:229.13ms
step:266/1695 train_loss:10.8258 train_time:60941ms step_avg:229.10ms
step:267/1695 train_loss:10.8258 train_time:61164ms step_avg:229.08ms
step:268/1695 train_loss:10.8258 train_time:61390ms step_avg:229.07ms
step:269/1695 train_loss:10.8258 train_time:61613ms step_avg:229.05ms
step:270/1695 train_loss:10.8258 train_time:61836ms step_avg:229.02ms
step:271/1695 train_loss:10.8258 train_time:62061ms step_avg:229.01ms
step:272/1695 train_loss:10.8258 train_time:62284ms step_avg:228.98ms
step:273/1695 train_loss:10.8258 train_time:62507ms step_avg:228.96ms
step:274/1695 train_loss:10.8258 train_time:62730ms step_avg:228.94ms
step:275/1695 train_loss:10.8258 train_time:62951ms step_avg:228.91ms
step:276/1695 train_loss:10.8258 train_time:63170ms step_avg:228.88ms
step:277/1695 train_loss:10.8258 train_time:63390ms step_avg:228.84ms
step:278/1695 train_loss:10.8258 train_time:63611ms step_avg:228.82ms
step:279/1695 train_loss:10.8258 train_time:63834ms step_avg:228.80ms
step:280/1695 train_loss:10.8258 train_time:64057ms step_avg:228.78ms
step:281/1695 train_loss:10.8258 train_time:64280ms step_avg:228.75ms
step:282/1695 train_loss:10.8258 train_time:64501ms step_avg:228.73ms
step:283/1695 train_loss:10.8258 train_time:64724ms step_avg:228.71ms
step:284/1695 train_loss:10.8258 train_time:64947ms step_avg:228.69ms
step:285/1695 train_loss:10.8258 train_time:65169ms step_avg:228.66ms
step:286/1695 train_loss:10.8258 train_time:65391ms step_avg:228.64ms
step:287/1695 train_loss:10.8258 train_time:65613ms step_avg:228.62ms
step:288/1695 train_loss:10.8258 train_time:65836ms step_avg:228.60ms
step:289/1695 train_loss:10.8258 train_time:66060ms step_avg:228.58ms
step:290/1695 train_loss:10.8258 train_time:66282ms step_avg:228.56ms
step:291/1695 train_loss:10.8258 train_time:66503ms step_avg:228.53ms
step:292/1695 train_loss:10.8258 train_time:66726ms step_avg:228.51ms
step:293/1695 train_loss:10.8258 train_time:66949ms step_avg:228.50ms
step:294/1695 train_loss:10.8258 train_time:67172ms step_avg:228.48ms
step:295/1695 train_loss:10.8258 train_time:67394ms step_avg:228.45ms
step:296/1695 train_loss:10.8258 train_time:67617ms step_avg:228.44ms
step:297/1695 train_loss:10.8258 train_time:67839ms step_avg:228.41ms
step:298/1695 train_loss:10.8258 train_time:68061ms step_avg:228.39ms
step:299/1695 train_loss:10.8258 train_time:68286ms step_avg:228.38ms
step:300/1695 train_loss:10.8258 train_time:68510ms step_avg:228.37ms
step:301/1695 train_loss:10.8258 train_time:68732ms step_avg:228.35ms
step:302/1695 train_loss:10.8258 train_time:68954ms step_avg:228.33ms
step:303/1695 train_loss:10.8258 train_time:69177ms step_avg:228.31ms
step:304/1695 train_loss:10.8258 train_time:69399ms step_avg:228.29ms
step:305/1695 train_loss:10.8258 train_time:69622ms step_avg:228.27ms
step:306/1695 train_loss:10.8258 train_time:69844ms step_avg:228.25ms
step:307/1695 train_loss:10.8258 train_time:70066ms step_avg:228.23ms
step:308/1695 train_loss:10.8258 train_time:70288ms step_avg:228.21ms
step:309/1695 train_loss:10.8258 train_time:70512ms step_avg:228.19ms
step:310/1695 train_loss:10.8258 train_time:70734ms step_avg:228.17ms
step:311/1695 train_loss:10.8258 train_time:70957ms step_avg:228.16ms
step:312/1695 train_loss:10.8258 train_time:71179ms step_avg:228.14ms
step:313/1695 train_loss:10.8258 train_time:71400ms step_avg:228.12ms
step:314/1695 train_loss:10.8258 train_time:71623ms step_avg:228.10ms
step:315/1695 train_loss:10.8258 train_time:71846ms step_avg:228.08ms
step:316/1695 train_loss:10.8258 train_time:72067ms step_avg:228.06ms
step:317/1695 train_loss:10.8258 train_time:72291ms step_avg:228.05ms
step:318/1695 train_loss:10.8258 train_time:72512ms step_avg:228.03ms
step:319/1695 train_loss:10.8258 train_time:72735ms step_avg:228.01ms
step:320/1695 train_loss:10.8258 train_time:72959ms step_avg:228.00ms
step:321/1695 train_loss:10.8258 train_time:73181ms step_avg:227.98ms
step:322/1695 train_loss:10.8258 train_time:73403ms step_avg:227.96ms
step:323/1695 train_loss:10.8258 train_time:73626ms step_avg:227.94ms
step:324/1695 train_loss:10.8258 train_time:73849ms step_avg:227.93ms
step:325/1695 train_loss:10.8258 train_time:74070ms step_avg:227.91ms
step:326/1695 train_loss:10.8258 train_time:74293ms step_avg:227.89ms
step:327/1695 train_loss:10.8258 train_time:74516ms step_avg:227.88ms
step:328/1695 train_loss:10.8258 train_time:74737ms step_avg:227.86ms
step:329/1695 train_loss:10.8258 train_time:74960ms step_avg:227.84ms
step:330/1695 train_loss:10.8258 train_time:75182ms step_avg:227.83ms
step:331/1695 train_loss:10.8258 train_time:75405ms step_avg:227.81ms
step:332/1695 train_loss:10.8258 train_time:75628ms step_avg:227.80ms
step:333/1695 train_loss:10.8258 train_time:75851ms step_avg:227.78ms
step:334/1695 train_loss:10.8258 train_time:76072ms step_avg:227.76ms
step:335/1695 train_loss:10.8258 train_time:76296ms step_avg:227.75ms
step:336/1695 train_loss:10.8258 train_time:76519ms step_avg:227.74ms
step:337/1695 train_loss:10.8258 train_time:76742ms step_avg:227.72ms
step:338/1695 train_loss:10.8258 train_time:76964ms step_avg:227.70ms
step:339/1695 train_loss:10.8258 train_time:77187ms step_avg:227.69ms
step:340/1695 train_loss:10.8258 train_time:77410ms step_avg:227.68ms
step:341/1695 train_loss:10.8258 train_time:77633ms step_avg:227.66ms
step:342/1695 train_loss:10.8258 train_time:77855ms step_avg:227.65ms
step:343/1695 train_loss:10.8258 train_time:78078ms step_avg:227.63ms
step:344/1695 train_loss:10.8258 train_time:78300ms step_avg:227.62ms
step:345/1695 train_loss:10.8258 train_time:78526ms step_avg:227.61ms
step:346/1695 train_loss:10.8258 train_time:78749ms step_avg:227.60ms
step:347/1695 train_loss:10.8258 train_time:78973ms step_avg:227.59ms
step:348/1695 train_loss:10.8258 train_time:79196ms step_avg:227.58ms
step:349/1695 train_loss:10.8258 train_time:79419ms step_avg:227.56ms
step:350/1695 train_loss:10.8258 train_time:79641ms step_avg:227.55ms
step:351/1695 train_loss:10.8258 train_time:79863ms step_avg:227.53ms
step:352/1695 train_loss:10.8258 train_time:80086ms step_avg:227.52ms
step:353/1695 train_loss:10.8258 train_time:80309ms step_avg:227.50ms
step:354/1695 train_loss:10.8258 train_time:80532ms step_avg:227.49ms
step:355/1695 train_loss:10.8258 train_time:80755ms step_avg:227.48ms
step:356/1695 train_loss:10.8258 train_time:80978ms step_avg:227.47ms
step:357/1695 train_loss:10.8258 train_time:81200ms step_avg:227.45ms
step:358/1695 train_loss:10.8258 train_time:81424ms step_avg:227.44ms
step:359/1695 train_loss:10.8258 train_time:81648ms step_avg:227.43ms
step:360/1695 train_loss:10.8258 train_time:81871ms step_avg:227.42ms
step:361/1695 train_loss:10.8258 train_time:82095ms step_avg:227.41ms
step:362/1695 train_loss:10.8258 train_time:82318ms step_avg:227.40ms
step:363/1695 train_loss:10.8258 train_time:82542ms step_avg:227.39ms
step:364/1695 train_loss:10.8258 train_time:82765ms step_avg:227.38ms
step:365/1695 train_loss:10.8258 train_time:82988ms step_avg:227.36ms
step:366/1695 train_loss:10.8258 train_time:83213ms step_avg:227.36ms
step:367/1695 train_loss:10.8258 train_time:83436ms step_avg:227.35ms
step:368/1695 train_loss:10.8258 train_time:83659ms step_avg:227.34ms
step:369/1695 train_loss:10.8258 train_time:83883ms step_avg:227.32ms
step:370/1695 train_loss:10.8258 train_time:84106ms step_avg:227.31ms
step:371/1695 train_loss:10.8258 train_time:84329ms step_avg:227.30ms
step:372/1695 train_loss:10.8258 train_time:84552ms step_avg:227.29ms
step:373/1695 train_loss:10.8258 train_time:84776ms step_avg:227.28ms
step:374/1695 train_loss:10.8258 train_time:84999ms step_avg:227.27ms
step:375/1695 train_loss:10.8258 train_time:85223ms step_avg:227.26ms
step:375/1695 val_loss:10.8258 train_time:85225ms step_avg:227.27ms
step:376/1695 train_loss:10.8258 train_time:85448ms step_avg:227.26ms
step:377/1695 train_loss:10.8258 train_time:85671ms step_avg:227.24ms
step:378/1695 train_loss:10.8258 train_time:85901ms step_avg:227.25ms
step:379/1695 train_loss:10.8258 train_time:86131ms step_avg:227.26ms
step:380/1695 train_loss:10.8258 train_time:86360ms step_avg:227.26ms
step:381/1695 train_loss:10.8258 train_time:86592ms step_avg:227.27ms
step:382/1695 train_loss:10.8258 train_time:86821ms step_avg:227.28ms
step:383/1695 train_loss:10.8258 train_time:87050ms step_avg:227.29ms
step:384/1695 train_loss:10.8258 train_time:87280ms step_avg:227.29ms
step:385/1695 train_loss:10.8258 train_time:87510ms step_avg:227.30ms
step:386/1695 train_loss:10.8258 train_time:87739ms step_avg:227.30ms
step:387/1695 train_loss:10.8258 train_time:87969ms step_avg:227.31ms
step:388/1695 train_loss:10.8258 train_time:88199ms step_avg:227.32ms
step:389/1695 train_loss:10.8258 train_time:88428ms step_avg:227.32ms
step:390/1695 train_loss:10.8258 train_time:88658ms step_avg:227.33ms
step:391/1695 train_loss:10.8258 train_time:88887ms step_avg:227.33ms
step:392/1695 train_loss:10.8258 train_time:89117ms step_avg:227.34ms
step:393/1695 train_loss:10.8258 train_time:89346ms step_avg:227.34ms
step:394/1695 train_loss:10.8258 train_time:89576ms step_avg:227.35ms
step:395/1695 train_loss:10.8258 train_time:89805ms step_avg:227.36ms
step:396/1695 train_loss:10.8258 train_time:90035ms step_avg:227.36ms
step:397/1695 train_loss:10.8258 train_time:90265ms step_avg:227.37ms
step:398/1695 train_loss:10.8258 train_time:90495ms step_avg:227.37ms
step:399/1695 train_loss:10.8258 train_time:90724ms step_avg:227.38ms
step:400/1695 train_loss:10.8258 train_time:90953ms step_avg:227.38ms
step:401/1695 train_loss:10.8258 train_time:91183ms step_avg:227.39ms
step:402/1695 train_loss:10.8258 train_time:91413ms step_avg:227.40ms
step:403/1695 train_loss:10.8258 train_time:91642ms step_avg:227.40ms
step:404/1695 train_loss:10.8258 train_time:91872ms step_avg:227.41ms
step:405/1695 train_loss:10.8258 train_time:92102ms step_avg:227.41ms
step:406/1695 train_loss:10.8258 train_time:92331ms step_avg:227.42ms
step:407/1695 train_loss:10.8258 train_time:92561ms step_avg:227.42ms
step:408/1695 train_loss:10.8258 train_time:92792ms step_avg:227.43ms
step:409/1695 train_loss:10.8258 train_time:93022ms step_avg:227.44ms
step:410/1695 train_loss:10.8258 train_time:93252ms step_avg:227.44ms
step:411/1695 train_loss:10.8258 train_time:93481ms step_avg:227.45ms
step:412/1695 train_loss:10.8258 train_time:93711ms step_avg:227.45ms
step:413/1695 train_loss:10.8258 train_time:93940ms step_avg:227.46ms
step:414/1695 train_loss:10.8258 train_time:94170ms step_avg:227.46ms
step:415/1695 train_loss:10.8258 train_time:94400ms step_avg:227.47ms
step:416/1695 train_loss:10.8258 train_time:94630ms step_avg:227.48ms
step:417/1695 train_loss:10.8258 train_time:94860ms step_avg:227.48ms
step:418/1695 train_loss:10.8258 train_time:95088ms step_avg:227.48ms
step:419/1695 train_loss:10.8258 train_time:95318ms step_avg:227.49ms
step:420/1695 train_loss:10.8258 train_time:95548ms step_avg:227.49ms
step:421/1695 train_loss:10.8258 train_time:95777ms step_avg:227.50ms
step:422/1695 train_loss:10.8258 train_time:96007ms step_avg:227.51ms
step:423/1695 train_loss:10.8258 train_time:96237ms step_avg:227.51ms
step:424/1695 train_loss:10.8258 train_time:96466ms step_avg:227.51ms
step:425/1695 train_loss:10.8258 train_time:96696ms step_avg:227.52ms
step:426/1695 train_loss:10.8258 train_time:96925ms step_avg:227.52ms
step:427/1695 train_loss:10.8258 train_time:97154ms step_avg:227.53ms
step:428/1695 train_loss:10.8258 train_time:97384ms step_avg:227.53ms
step:429/1695 train_loss:10.8258 train_time:97614ms step_avg:227.54ms
step:430/1695 train_loss:10.8258 train_time:97844ms step_avg:227.54ms
step:431/1695 train_loss:10.8258 train_time:98073ms step_avg:227.55ms
step:432/1695 train_loss:10.8258 train_time:98303ms step_avg:227.55ms
step:433/1695 train_loss:10.8258 train_time:98532ms step_avg:227.56ms
step:434/1695 train_loss:10.8258 train_time:98762ms step_avg:227.56ms
step:435/1695 train_loss:10.8258 train_time:98991ms step_avg:227.57ms
step:436/1695 train_loss:10.8258 train_time:99220ms step_avg:227.57ms
step:437/1695 train_loss:10.8258 train_time:99449ms step_avg:227.57ms
step:438/1695 train_loss:10.8258 train_time:99678ms step_avg:227.58ms
step:439/1695 train_loss:10.8258 train_time:99907ms step_avg:227.58ms
step:440/1695 train_loss:10.8258 train_time:100137ms step_avg:227.58ms
step:441/1695 train_loss:10.8258 train_time:100367ms step_avg:227.59ms
step:442/1695 train_loss:10.8258 train_time:100597ms step_avg:227.59ms
step:443/1695 train_loss:10.8258 train_time:100826ms step_avg:227.60ms
step:444/1695 train_loss:10.8258 train_time:101056ms step_avg:227.60ms
step:445/1695 train_loss:10.8258 train_time:101286ms step_avg:227.61ms
step:446/1695 train_loss:10.8258 train_time:101515ms step_avg:227.61ms
step:447/1695 train_loss:10.8258 train_time:101745ms step_avg:227.62ms
step:448/1695 train_loss:10.8258 train_time:101975ms step_avg:227.62ms
step:449/1695 train_loss:10.8258 train_time:102205ms step_avg:227.63ms
step:450/1695 train_loss:10.8258 train_time:102433ms step_avg:227.63ms
step:451/1695 train_loss:10.8258 train_time:102662ms step_avg:227.63ms
step:452/1695 train_loss:10.8258 train_time:102892ms step_avg:227.64ms
step:453/1695 train_loss:10.8258 train_time:103121ms step_avg:227.64ms
step:454/1695 train_loss:10.8258 train_time:103351ms step_avg:227.65ms
step:455/1695 train_loss:10.8258 train_time:103580ms step_avg:227.65ms
step:456/1695 train_loss:10.8258 train_time:103809ms step_avg:227.65ms
step:457/1695 train_loss:10.8258 train_time:104039ms step_avg:227.66ms
step:458/1695 train_loss:10.8258 train_time:104268ms step_avg:227.66ms
step:459/1695 train_loss:10.8258 train_time:104498ms step_avg:227.66ms
step:460/1695 train_loss:10.8258 train_time:104728ms step_avg:227.67ms
step:461/1695 train_loss:10.8258 train_time:104956ms step_avg:227.67ms
step:462/1695 train_loss:10.8258 train_time:105186ms step_avg:227.68ms
step:463/1695 train_loss:10.8258 train_time:105415ms step_avg:227.68ms
step:464/1695 train_loss:10.8258 train_time:105644ms step_avg:227.68ms
step:465/1695 train_loss:10.8258 train_time:105874ms step_avg:227.69ms
step:466/1695 train_loss:10.8258 train_time:106103ms step_avg:227.69ms
step:467/1695 train_loss:10.8258 train_time:106333ms step_avg:227.69ms
step:468/1695 train_loss:10.8258 train_time:106562ms step_avg:227.70ms
step:469/1695 train_loss:10.8258 train_time:106791ms step_avg:227.70ms
step:470/1695 train_loss:10.8258 train_time:107020ms step_avg:227.70ms
step:471/1695 train_loss:10.8258 train_time:107250ms step_avg:227.71ms
step:472/1695 train_loss:10.8258 train_time:107481ms step_avg:227.71ms
step:473/1695 train_loss:10.8258 train_time:107711ms step_avg:227.72ms
step:474/1695 train_loss:10.8258 train_time:107939ms step_avg:227.72ms
step:475/1695 train_loss:10.8258 train_time:108168ms step_avg:227.72ms
step:476/1695 train_loss:10.8258 train_time:108397ms step_avg:227.73ms
step:477/1695 train_loss:10.8258 train_time:108627ms step_avg:227.73ms
step:478/1695 train_loss:10.8258 train_time:108856ms step_avg:227.73ms
step:479/1695 train_loss:10.8258 train_time:109085ms step_avg:227.74ms
step:480/1695 train_loss:10.8258 train_time:109315ms step_avg:227.74ms
step:481/1695 train_loss:10.8258 train_time:109545ms step_avg:227.74ms
step:482/1695 train_loss:10.8258 train_time:109774ms step_avg:227.75ms
step:483/1695 train_loss:10.8258 train_time:110004ms step_avg:227.75ms
step:484/1695 train_loss:10.8258 train_time:110233ms step_avg:227.75ms
step:485/1695 train_loss:10.8258 train_time:110463ms step_avg:227.76ms
step:486/1695 train_loss:10.8258 train_time:110692ms step_avg:227.76ms
step:487/1695 train_loss:10.8258 train_time:110921ms step_avg:227.76ms
step:488/1695 train_loss:10.8258 train_time:111150ms step_avg:227.77ms
step:489/1695 train_loss:10.8258 train_time:111380ms step_avg:227.77ms
step:490/1695 train_loss:10.8258 train_time:111610ms step_avg:227.78ms
step:491/1695 train_loss:10.8258 train_time:111883ms step_avg:227.87ms
step:492/1695 train_loss:10.8258 train_time:112112ms step_avg:227.87ms
step:493/1695 train_loss:10.8258 train_time:112342ms step_avg:227.87ms
step:494/1695 train_loss:10.8258 train_time:112572ms step_avg:227.88ms
step:495/1695 train_loss:10.8258 train_time:112800ms step_avg:227.88ms
step:496/1695 train_loss:10.8258 train_time:113031ms step_avg:227.88ms
step:497/1695 train_loss:10.8258 train_time:113261ms step_avg:227.89ms
step:498/1695 train_loss:10.8258 train_time:113490ms step_avg:227.89ms
step:499/1695 train_loss:10.8258 train_time:113719ms step_avg:227.89ms
step:500/1695 train_loss:10.8258 train_time:113949ms step_avg:227.90ms
step:500/1695 val_loss:10.8258 train_time:113951ms step_avg:227.90ms
step:501/1695 train_loss:10.8258 train_time:114177ms step_avg:227.90ms
step:502/1695 train_loss:10.8258 train_time:114405ms step_avg:227.90ms
step:503/1695 train_loss:10.8258 train_time:114631ms step_avg:227.89ms
step:504/1695 train_loss:10.8258 train_time:114857ms step_avg:227.89ms
step:505/1695 train_loss:10.8258 train_time:115085ms step_avg:227.89ms
step:506/1695 train_loss:10.8258 train_time:115315ms step_avg:227.90ms
step:507/1695 train_loss:10.8258 train_time:115543ms step_avg:227.90ms
step:508/1695 train_loss:10.8258 train_time:115770ms step_avg:227.89ms
step:509/1695 train_loss:10.8258 train_time:115998ms step_avg:227.89ms
step:510/1695 train_loss:10.8258 train_time:116225ms step_avg:227.89ms
step:511/1695 train_loss:10.8258 train_time:116454ms step_avg:227.89ms
step:512/1695 train_loss:10.8258 train_time:116681ms step_avg:227.89ms
step:513/1695 train_loss:10.8258 train_time:116910ms step_avg:227.89ms
step:514/1695 train_loss:10.8258 train_time:117137ms step_avg:227.89ms
step:515/1695 train_loss:10.8258 train_time:117364ms step_avg:227.89ms
step:516/1695 train_loss:10.8258 train_time:117593ms step_avg:227.89ms
step:517/1695 train_loss:10.8258 train_time:117821ms step_avg:227.89ms
step:518/1695 train_loss:10.8258 train_time:118048ms step_avg:227.89ms
step:519/1695 train_loss:10.8258 train_time:118276ms step_avg:227.89ms
step:520/1695 train_loss:10.8258 train_time:118505ms step_avg:227.89ms
step:521/1695 train_loss:10.8258 train_time:118732ms step_avg:227.89ms
step:522/1695 train_loss:10.8258 train_time:118959ms step_avg:227.89ms
step:523/1695 train_loss:10.8258 train_time:119186ms step_avg:227.89ms
step:524/1695 train_loss:10.8258 train_time:119415ms step_avg:227.89ms
step:525/1695 train_loss:10.8258 train_time:119640ms step_avg:227.89ms
step:526/1695 train_loss:10.8258 train_time:119870ms step_avg:227.89ms
step:527/1695 train_loss:10.8258 train_time:120098ms step_avg:227.89ms
step:528/1695 train_loss:10.8258 train_time:120327ms step_avg:227.89ms
step:529/1695 train_loss:10.8258 train_time:120554ms step_avg:227.89ms
step:530/1695 train_loss:10.8258 train_time:120783ms step_avg:227.89ms
step:531/1695 train_loss:10.8258 train_time:121009ms step_avg:227.89ms
step:532/1695 train_loss:10.8258 train_time:121237ms step_avg:227.89ms
step:533/1695 train_loss:10.8258 train_time:121465ms step_avg:227.89ms
step:534/1695 train_loss:10.8258 train_time:121693ms step_avg:227.89ms
step:535/1695 train_loss:10.8258 train_time:121920ms step_avg:227.89ms
step:536/1695 train_loss:10.8258 train_time:122148ms step_avg:227.89ms
step:537/1695 train_loss:10.8258 train_time:122375ms step_avg:227.89ms
step:538/1695 train_loss:10.8258 train_time:122603ms step_avg:227.89ms
step:539/1695 train_loss:10.8258 train_time:122830ms step_avg:227.89ms
step:540/1695 train_loss:10.8258 train_time:123058ms step_avg:227.88ms
step:541/1695 train_loss:10.8258 train_time:123287ms step_avg:227.89ms
step:542/1695 train_loss:10.8258 train_time:123513ms step_avg:227.88ms
step:543/1695 train_loss:10.8258 train_time:123741ms step_avg:227.88ms
step:544/1695 train_loss:10.8258 train_time:123968ms step_avg:227.88ms
step:545/1695 train_loss:10.8258 train_time:124198ms step_avg:227.89ms
step:546/1695 train_loss:10.8258 train_time:124425ms step_avg:227.89ms
step:547/1695 train_loss:10.8258 train_time:124652ms step_avg:227.88ms
step:548/1695 train_loss:10.8258 train_time:124882ms step_avg:227.89ms
step:549/1695 train_loss:10.8258 train_time:125109ms step_avg:227.89ms
step:550/1695 train_loss:10.8258 train_time:125336ms step_avg:227.88ms
step:551/1695 train_loss:10.8258 train_time:125565ms step_avg:227.88ms
step:552/1695 train_loss:10.8258 train_time:125793ms step_avg:227.89ms
step:553/1695 train_loss:10.8258 train_time:126021ms step_avg:227.89ms
step:554/1695 train_loss:10.8258 train_time:126248ms step_avg:227.88ms
step:555/1695 train_loss:10.8258 train_time:126475ms step_avg:227.88ms
step:556/1695 train_loss:10.8258 train_time:126703ms step_avg:227.88ms
step:557/1695 train_loss:10.8258 train_time:126932ms step_avg:227.88ms
step:558/1695 train_loss:10.8258 train_time:127158ms step_avg:227.88ms
step:559/1695 train_loss:10.8258 train_time:127387ms step_avg:227.88ms
step:560/1695 train_loss:10.8258 train_time:127615ms step_avg:227.88ms
step:561/1695 train_loss:10.8258 train_time:127844ms step_avg:227.89ms
step:562/1695 train_loss:10.8258 train_time:128070ms step_avg:227.88ms
step:563/1695 train_loss:10.8258 train_time:128298ms step_avg:227.88ms
step:564/1695 train_loss:10.8258 train_time:128525ms step_avg:227.88ms
step:565/1695 train_loss:10.8258 train_time:128754ms step_avg:227.88ms
step:566/1695 train_loss:10.8258 train_time:128980ms step_avg:227.88ms
step:567/1695 train_loss:10.8258 train_time:129209ms step_avg:227.88ms
step:568/1695 train_loss:10.8258 train_time:129435ms step_avg:227.88ms
step:569/1695 train_loss:10.8258 train_time:129663ms step_avg:227.88ms
step:570/1695 train_loss:10.8258 train_time:129891ms step_avg:227.88ms
step:571/1695 train_loss:10.8258 train_time:130120ms step_avg:227.88ms
step:572/1695 train_loss:10.8258 train_time:130348ms step_avg:227.88ms
step:573/1695 train_loss:10.8258 train_time:130575ms step_avg:227.88ms
step:574/1695 train_loss:10.8258 train_time:130802ms step_avg:227.88ms
step:575/1695 train_loss:10.8258 train_time:131030ms step_avg:227.88ms
step:576/1695 train_loss:10.8258 train_time:131258ms step_avg:227.88ms
step:577/1695 train_loss:10.8258 train_time:131485ms step_avg:227.88ms
step:578/1695 train_loss:10.8258 train_time:131714ms step_avg:227.88ms
step:579/1695 train_loss:10.8258 train_time:131942ms step_avg:227.88ms
step:580/1695 train_loss:10.8258 train_time:132169ms step_avg:227.88ms
step:581/1695 train_loss:10.8258 train_time:132396ms step_avg:227.88ms
step:582/1695 train_loss:10.8258 train_time:132625ms step_avg:227.88ms
step:583/1695 train_loss:10.8258 train_time:132853ms step_avg:227.88ms
step:584/1695 train_loss:10.8258 train_time:133080ms step_avg:227.88ms
step:585/1695 train_loss:10.8258 train_time:133309ms step_avg:227.88ms
step:586/1695 train_loss:10.8258 train_time:133536ms step_avg:227.88ms
step:587/1695 train_loss:10.8258 train_time:133763ms step_avg:227.88ms
step:588/1695 train_loss:10.8258 train_time:133991ms step_avg:227.88ms
step:589/1695 train_loss:10.8258 train_time:134218ms step_avg:227.87ms
step:590/1695 train_loss:10.8258 train_time:134446ms step_avg:227.87ms
step:591/1695 train_loss:10.8258 train_time:134674ms step_avg:227.88ms
step:592/1695 train_loss:10.8258 train_time:134901ms step_avg:227.87ms
step:593/1695 train_loss:10.8258 train_time:135130ms step_avg:227.88ms
step:594/1695 train_loss:10.8258 train_time:135359ms step_avg:227.88ms
step:595/1695 train_loss:10.8258 train_time:135587ms step_avg:227.88ms
step:596/1695 train_loss:10.8258 train_time:135814ms step_avg:227.88ms
step:597/1695 train_loss:10.8258 train_time:136044ms step_avg:227.88ms
step:598/1695 train_loss:10.8258 train_time:136270ms step_avg:227.88ms
step:599/1695 train_loss:10.8258 train_time:136499ms step_avg:227.88ms
step:600/1695 train_loss:10.8258 train_time:136728ms step_avg:227.88ms
step:601/1695 train_loss:10.8258 train_time:136957ms step_avg:227.88ms
step:602/1695 train_loss:10.8258 train_time:137186ms step_avg:227.88ms
step:603/1695 train_loss:10.8258 train_time:137414ms step_avg:227.88ms
step:604/1695 train_loss:10.8258 train_time:137642ms step_avg:227.88ms
step:605/1695 train_loss:10.8258 train_time:137869ms step_avg:227.88ms
step:606/1695 train_loss:10.8258 train_time:138099ms step_avg:227.89ms
step:607/1695 train_loss:10.8258 train_time:138326ms step_avg:227.88ms
step:608/1695 train_loss:10.8258 train_time:138553ms step_avg:227.88ms
step:609/1695 train_loss:10.8258 train_time:138782ms step_avg:227.89ms
step:610/1695 train_loss:10.8258 train_time:139011ms step_avg:227.89ms
step:611/1695 train_loss:10.8258 train_time:139238ms step_avg:227.89ms
step:612/1695 train_loss:10.8258 train_time:139467ms step_avg:227.89ms
step:613/1695 train_loss:10.8258 train_time:139697ms step_avg:227.89ms
step:614/1695 train_loss:10.8258 train_time:139928ms step_avg:227.90ms
step:615/1695 train_loss:10.8258 train_time:140158ms step_avg:227.90ms
step:616/1695 train_loss:10.8258 train_time:140388ms step_avg:227.90ms
step:617/1695 train_loss:10.8258 train_time:140618ms step_avg:227.91ms
step:618/1695 train_loss:10.8258 train_time:140848ms step_avg:227.91ms
step:619/1695 train_loss:10.8258 train_time:141078ms step_avg:227.91ms
step:620/1695 train_loss:10.8258 train_time:141309ms step_avg:227.92ms
step:621/1695 train_loss:10.8258 train_time:141540ms step_avg:227.92ms
step:622/1695 train_loss:10.8258 train_time:141769ms step_avg:227.92ms
step:623/1695 train_loss:10.8258 train_time:142001ms step_avg:227.93ms
step:624/1695 train_loss:10.8258 train_time:142230ms step_avg:227.93ms
step:625/1695 train_loss:10.8258 train_time:142461ms step_avg:227.94ms
step:625/1695 val_loss:10.8258 train_time:142463ms step_avg:227.94ms
step:626/1695 train_loss:10.8258 train_time:142688ms step_avg:227.94ms
step:627/1695 train_loss:10.8258 train_time:142917ms step_avg:227.94ms
step:628/1695 train_loss:10.8258 train_time:143145ms step_avg:227.94ms
step:629/1695 train_loss:10.8258 train_time:143378ms step_avg:227.95ms
step:630/1695 train_loss:10.8258 train_time:143609ms step_avg:227.95ms
step:631/1695 train_loss:10.8258 train_time:143843ms step_avg:227.96ms
step:632/1695 train_loss:10.8258 train_time:144075ms step_avg:227.97ms
step:633/1695 train_loss:10.8258 train_time:144310ms step_avg:227.98ms
step:634/1695 train_loss:10.8258 train_time:144542ms step_avg:227.98ms
step:635/1695 train_loss:10.8258 train_time:144774ms step_avg:227.99ms
step:636/1695 train_loss:10.8258 train_time:145007ms step_avg:228.00ms
step:637/1695 train_loss:10.8258 train_time:145239ms step_avg:228.00ms
step:638/1695 train_loss:10.8258 train_time:145471ms step_avg:228.01ms
step:639/1695 train_loss:10.8258 train_time:145706ms step_avg:228.02ms
step:640/1695 train_loss:10.8258 train_time:145937ms step_avg:228.03ms
step:641/1695 train_loss:10.8258 train_time:146170ms step_avg:228.03ms
step:642/1695 train_loss:10.8258 train_time:146404ms step_avg:228.04ms
step:643/1695 train_loss:10.8258 train_time:146636ms step_avg:228.05ms
step:644/1695 train_loss:10.8258 train_time:146869ms step_avg:228.06ms
step:645/1695 train_loss:10.8258 train_time:147103ms step_avg:228.07ms
step:646/1695 train_loss:10.8258 train_time:147337ms step_avg:228.08ms
step:647/1695 train_loss:10.8258 train_time:147569ms step_avg:228.08ms
step:648/1695 train_loss:10.8258 train_time:147804ms step_avg:228.09ms
step:649/1695 train_loss:10.8258 train_time:148036ms step_avg:228.10ms
step:650/1695 train_loss:10.8258 train_time:148268ms step_avg:228.10ms
step:651/1695 train_loss:10.8258 train_time:148501ms step_avg:228.11ms
step:652/1695 train_loss:10.8258 train_time:148734ms step_avg:228.12ms
step:653/1695 train_loss:10.8258 train_time:148966ms step_avg:228.13ms
step:654/1695 train_loss:10.8258 train_time:149198ms step_avg:228.13ms
step:655/1695 train_loss:10.8258 train_time:149431ms step_avg:228.14ms
step:656/1695 train_loss:10.8258 train_time:149664ms step_avg:228.15ms
step:657/1695 train_loss:10.8258 train_time:149895ms step_avg:228.15ms
step:658/1695 train_loss:10.8258 train_time:150130ms step_avg:228.16ms
step:659/1695 train_loss:10.8258 train_time:150361ms step_avg:228.17ms
step:660/1695 train_loss:10.8258 train_time:150592ms step_avg:228.17ms
step:661/1695 train_loss:10.8258 train_time:150825ms step_avg:228.18ms
step:662/1695 train_loss:10.8258 train_time:151059ms step_avg:228.19ms
step:663/1695 train_loss:10.8258 train_time:151291ms step_avg:228.19ms
step:664/1695 train_loss:10.8258 train_time:151524ms step_avg:228.20ms
step:665/1695 train_loss:10.8258 train_time:151757ms step_avg:228.21ms
step:666/1695 train_loss:10.8258 train_time:151990ms step_avg:228.21ms
step:667/1695 train_loss:10.8258 train_time:152221ms step_avg:228.22ms
step:668/1695 train_loss:10.8258 train_time:152456ms step_avg:228.23ms
step:669/1695 train_loss:10.8258 train_time:152688ms step_avg:228.23ms
step:670/1695 train_loss:10.8258 train_time:152920ms step_avg:228.24ms
step:671/1695 train_loss:10.8258 train_time:153153ms step_avg:228.25ms
step:672/1695 train_loss:10.8258 train_time:153385ms step_avg:228.25ms
step:673/1695 train_loss:10.8258 train_time:153618ms step_avg:228.26ms
step:674/1695 train_loss:10.8258 train_time:153850ms step_avg:228.26ms
step:675/1695 train_loss:10.8258 train_time:154084ms step_avg:228.27ms
step:676/1695 train_loss:10.8258 train_time:154317ms step_avg:228.28ms
step:677/1695 train_loss:10.8258 train_time:154549ms step_avg:228.28ms
step:678/1695 train_loss:10.8258 train_time:154783ms step_avg:228.29ms
step:679/1695 train_loss:10.8258 train_time:155015ms step_avg:228.30ms
step:680/1695 train_loss:10.8258 train_time:155250ms step_avg:228.31ms
step:681/1695 train_loss:10.8258 train_time:155482ms step_avg:228.31ms
step:682/1695 train_loss:10.8258 train_time:155715ms step_avg:228.32ms
step:683/1695 train_loss:10.8258 train_time:155948ms step_avg:228.33ms
step:684/1695 train_loss:10.8258 train_time:156181ms step_avg:228.33ms
step:685/1695 train_loss:10.8258 train_time:156413ms step_avg:228.34ms
step:686/1695 train_loss:10.8258 train_time:156646ms step_avg:228.35ms
step:687/1695 train_loss:10.8258 train_time:156878ms step_avg:228.35ms
step:688/1695 train_loss:10.8258 train_time:157111ms step_avg:228.36ms
step:689/1695 train_loss:10.8258 train_time:157344ms step_avg:228.37ms
step:690/1695 train_loss:10.8258 train_time:157576ms step_avg:228.37ms
step:691/1695 train_loss:10.8258 train_time:157809ms step_avg:228.38ms
step:692/1695 train_loss:10.8258 train_time:158041ms step_avg:228.38ms
step:693/1695 train_loss:10.8258 train_time:158275ms step_avg:228.39ms
step:694/1695 train_loss:10.8258 train_time:158506ms step_avg:228.39ms
step:695/1695 train_loss:10.8258 train_time:158739ms step_avg:228.40ms
step:696/1695 train_loss:10.8258 train_time:158972ms step_avg:228.41ms
step:697/1695 train_loss:10.8258 train_time:159205ms step_avg:228.41ms
step:698/1695 train_loss:10.8258 train_time:159438ms step_avg:228.42ms
step:699/1695 train_loss:10.8258 train_time:159671ms step_avg:228.43ms
step:700/1695 train_loss:10.8258 train_time:159903ms step_avg:228.43ms
step:701/1695 train_loss:10.8258 train_time:160136ms step_avg:228.44ms
step:702/1695 train_loss:10.8258 train_time:160370ms step_avg:228.45ms
step:703/1695 train_loss:10.8258 train_time:160603ms step_avg:228.45ms
step:704/1695 train_loss:10.8258 train_time:160837ms step_avg:228.46ms
step:705/1695 train_loss:10.8258 train_time:161069ms step_avg:228.47ms
step:706/1695 train_loss:10.8258 train_time:161301ms step_avg:228.47ms
step:707/1695 train_loss:10.8258 train_time:161535ms step_avg:228.48ms
step:708/1695 train_loss:10.8258 train_time:161767ms step_avg:228.48ms
step:709/1695 train_loss:10.8258 train_time:162002ms step_avg:228.49ms
step:710/1695 train_loss:10.8258 train_time:162234ms step_avg:228.50ms
step:711/1695 train_loss:10.8258 train_time:162467ms step_avg:228.51ms
step:712/1695 train_loss:10.8258 train_time:162701ms step_avg:228.51ms
step:713/1695 train_loss:10.8258 train_time:162934ms step_avg:228.52ms
step:714/1695 train_loss:10.8258 train_time:163168ms step_avg:228.53ms
step:715/1695 train_loss:10.8258 train_time:163400ms step_avg:228.53ms
step:716/1695 train_loss:10.8258 train_time:163631ms step_avg:228.53ms
step:717/1695 train_loss:10.8258 train_time:163866ms step_avg:228.54ms
step:718/1695 train_loss:10.8258 train_time:164100ms step_avg:228.55ms
step:719/1695 train_loss:10.8258 train_time:164331ms step_avg:228.55ms
step:720/1695 train_loss:10.8258 train_time:164564ms step_avg:228.56ms
step:721/1695 train_loss:10.8258 train_time:164796ms step_avg:228.57ms
step:722/1695 train_loss:10.8258 train_time:165028ms step_avg:228.57ms
step:723/1695 train_loss:10.8258 train_time:165262ms step_avg:228.58ms
step:724/1695 train_loss:10.8258 train_time:165493ms step_avg:228.58ms
step:725/1695 train_loss:10.8258 train_time:165727ms step_avg:228.59ms
step:726/1695 train_loss:10.8258 train_time:165959ms step_avg:228.59ms
step:727/1695 train_loss:10.8258 train_time:166191ms step_avg:228.60ms
step:728/1695 train_loss:10.8258 train_time:166424ms step_avg:228.60ms
step:729/1695 train_loss:10.8258 train_time:166656ms step_avg:228.61ms
step:730/1695 train_loss:10.8258 train_time:166889ms step_avg:228.62ms
step:731/1695 train_loss:10.8258 train_time:167121ms step_avg:228.62ms
step:732/1695 train_loss:10.8258 train_time:167355ms step_avg:228.63ms
step:733/1695 train_loss:10.8258 train_time:167589ms step_avg:228.63ms
step:734/1695 train_loss:10.8258 train_time:167821ms step_avg:228.64ms
step:735/1695 train_loss:10.8258 train_time:168053ms step_avg:228.64ms
step:736/1695 train_loss:10.8258 train_time:168330ms step_avg:228.71ms
step:737/1695 train_loss:10.8258 train_time:168562ms step_avg:228.71ms
step:738/1695 train_loss:10.8258 train_time:168796ms step_avg:228.72ms
step:739/1695 train_loss:10.8258 train_time:169029ms step_avg:228.73ms
step:740/1695 train_loss:10.8258 train_time:169261ms step_avg:228.73ms
step:741/1695 train_loss:10.8258 train_time:169494ms step_avg:228.74ms
step:742/1695 train_loss:10.8258 train_time:169728ms step_avg:228.74ms
step:743/1695 train_loss:10.8258 train_time:169961ms step_avg:228.75ms
step:744/1695 train_loss:10.8258 train_time:170194ms step_avg:228.76ms
step:745/1695 train_loss:10.8258 train_time:170427ms step_avg:228.76ms
step:746/1695 train_loss:10.8258 train_time:170660ms step_avg:228.77ms
step:747/1695 train_loss:10.8258 train_time:170892ms step_avg:228.77ms
step:748/1695 train_loss:10.8258 train_time:171125ms step_avg:228.78ms
step:749/1695 train_loss:10.8258 train_time:171360ms step_avg:228.78ms
step:750/1695 train_loss:10.8258 train_time:171591ms step_avg:228.79ms
step:750/1695 val_loss:10.8258 train_time:171597ms step_avg:228.80ms
step:751/1695 train_loss:10.8258 train_time:171828ms step_avg:228.80ms
step:752/1695 train_loss:10.8258 train_time:172062ms step_avg:228.81ms
step:753/1695 train_loss:10.8258 train_time:172294ms step_avg:228.81ms
step:754/1695 train_loss:10.8258 train_time:172526ms step_avg:228.81ms
step:755/1695 train_loss:10.8258 train_time:172761ms step_avg:228.82ms
step:756/1695 train_loss:10.8258 train_time:172995ms step_avg:228.83ms
step:757/1695 train_loss:10.8258 train_time:173228ms step_avg:228.84ms
step:758/1695 train_loss:10.8258 train_time:173460ms step_avg:228.84ms
step:759/1695 train_loss:10.8258 train_time:173695ms step_avg:228.85ms
step:760/1695 train_loss:10.8258 train_time:173929ms step_avg:228.85ms
step:761/1695 train_loss:10.8258 train_time:174163ms step_avg:228.86ms
step:762/1695 train_loss:10.8258 train_time:174396ms step_avg:228.87ms
step:763/1695 train_loss:10.8258 train_time:174630ms step_avg:228.87ms
step:764/1695 train_loss:10.8258 train_time:174864ms step_avg:228.88ms
step:765/1695 train_loss:10.8258 train_time:175098ms step_avg:228.89ms
step:766/1695 train_loss:10.8258 train_time:175333ms step_avg:228.89ms
step:767/1695 train_loss:10.8258 train_time:175567ms step_avg:228.90ms
step:768/1695 train_loss:10.8258 train_time:175800ms step_avg:228.91ms
step:769/1695 train_loss:10.8258 train_time:176034ms step_avg:228.91ms
step:770/1695 train_loss:10.8258 train_time:176268ms step_avg:228.92ms
step:771/1695 train_loss:10.8258 train_time:176503ms step_avg:228.93ms
step:772/1695 train_loss:10.8258 train_time:176737ms step_avg:228.93ms
step:773/1695 train_loss:10.8258 train_time:176971ms step_avg:228.94ms
step:774/1695 train_loss:10.8258 train_time:177205ms step_avg:228.95ms
step:775/1695 train_loss:10.8258 train_time:177439ms step_avg:228.95ms
step:776/1695 train_loss:10.8258 train_time:177673ms step_avg:228.96ms
step:777/1695 train_loss:10.8258 train_time:177907ms step_avg:228.97ms
step:778/1695 train_loss:10.8258 train_time:178140ms step_avg:228.97ms
step:779/1695 train_loss:10.8258 train_time:178373ms step_avg:228.98ms
step:780/1695 train_loss:10.8258 train_time:178609ms step_avg:228.99ms
step:781/1695 train_loss:10.8258 train_time:178843ms step_avg:228.99ms
step:782/1695 train_loss:10.8258 train_time:179076ms step_avg:229.00ms
step:783/1695 train_loss:10.8258 train_time:179311ms step_avg:229.01ms
step:784/1695 train_loss:10.8258 train_time:179545ms step_avg:229.01ms
step:785/1695 train_loss:10.8258 train_time:179779ms step_avg:229.02ms
step:786/1695 train_loss:10.8258 train_time:180013ms step_avg:229.02ms
step:787/1695 train_loss:10.8258 train_time:180246ms step_avg:229.03ms
step:788/1695 train_loss:10.8258 train_time:180480ms step_avg:229.04ms
step:789/1695 train_loss:10.8258 train_time:180715ms step_avg:229.04ms
step:790/1695 train_loss:10.8258 train_time:180948ms step_avg:229.05ms
step:791/1695 train_loss:10.8258 train_time:181181ms step_avg:229.05ms
step:792/1695 train_loss:10.8258 train_time:181414ms step_avg:229.06ms
step:793/1695 train_loss:10.8258 train_time:181648ms step_avg:229.06ms
step:794/1695 train_loss:10.8258 train_time:181880ms step_avg:229.07ms
step:795/1695 train_loss:10.8258 train_time:182114ms step_avg:229.07ms
step:796/1695 train_loss:10.8258 train_time:182350ms step_avg:229.08ms
step:797/1695 train_loss:10.8258 train_time:182583ms step_avg:229.09ms
step:798/1695 train_loss:10.8258 train_time:182817ms step_avg:229.09ms
step:799/1695 train_loss:10.8258 train_time:183051ms step_avg:229.10ms
step:800/1695 train_loss:10.8258 train_time:183285ms step_avg:229.11ms
step:801/1695 train_loss:10.8258 train_time:183516ms step_avg:229.11ms
step:802/1695 train_loss:10.8258 train_time:183752ms step_avg:229.12ms
step:803/1695 train_loss:10.8258 train_time:183986ms step_avg:229.12ms
step:804/1695 train_loss:10.8258 train_time:184222ms step_avg:229.13ms
step:805/1695 train_loss:10.8258 train_time:184456ms step_avg:229.14ms
step:806/1695 train_loss:10.8258 train_time:184689ms step_avg:229.14ms
step:807/1695 train_loss:10.8258 train_time:184923ms step_avg:229.15ms
step:808/1695 train_loss:10.8258 train_time:185154ms step_avg:229.15ms
step:809/1695 train_loss:10.8258 train_time:185391ms step_avg:229.16ms
step:810/1695 train_loss:10.8258 train_time:185624ms step_avg:229.17ms
step:811/1695 train_loss:10.8258 train_time:185859ms step_avg:229.17ms
step:812/1695 train_loss:10.8258 train_time:186091ms step_avg:229.18ms
step:813/1695 train_loss:10.8258 train_time:186324ms step_avg:229.18ms
step:814/1695 train_loss:10.8258 train_time:186558ms step_avg:229.19ms
step:815/1695 train_loss:10.8258 train_time:186791ms step_avg:229.19ms
step:816/1695 train_loss:10.8258 train_time:187026ms step_avg:229.20ms
step:817/1695 train_loss:10.8258 train_time:187260ms step_avg:229.20ms
step:818/1695 train_loss:10.8258 train_time:187491ms step_avg:229.21ms
step:819/1695 train_loss:10.8258 train_time:187727ms step_avg:229.22ms
step:820/1695 train_loss:10.8258 train_time:187960ms step_avg:229.22ms
step:821/1695 train_loss:10.8258 train_time:188194ms step_avg:229.22ms
step:822/1695 train_loss:10.8258 train_time:188426ms step_avg:229.23ms
step:823/1695 train_loss:10.8258 train_time:188660ms step_avg:229.23ms
step:824/1695 train_loss:10.8258 train_time:188894ms step_avg:229.24ms
step:825/1695 train_loss:10.8258 train_time:189127ms step_avg:229.24ms
step:826/1695 train_loss:10.8258 train_time:189363ms step_avg:229.25ms
step:827/1695 train_loss:10.8258 train_time:189597ms step_avg:229.26ms
step:828/1695 train_loss:10.8258 train_time:189830ms step_avg:229.26ms
step:829/1695 train_loss:10.8258 train_time:190064ms step_avg:229.27ms
step:830/1695 train_loss:10.8258 train_time:190299ms step_avg:229.28ms
step:831/1695 train_loss:10.8258 train_time:190532ms step_avg:229.28ms
step:832/1695 train_loss:10.8258 train_time:190766ms step_avg:229.29ms
step:833/1695 train_loss:10.8258 train_time:190999ms step_avg:229.29ms
step:834/1695 train_loss:10.8258 train_time:191233ms step_avg:229.30ms
step:835/1695 train_loss:10.8258 train_time:191467ms step_avg:229.30ms
step:836/1695 train_loss:10.8258 train_time:191701ms step_avg:229.31ms
step:837/1695 train_loss:10.8258 train_time:191937ms step_avg:229.32ms
step:838/1695 train_loss:10.8258 train_time:192171ms step_avg:229.32ms
step:839/1695 train_loss:10.8258 train_time:192404ms step_avg:229.33ms
step:840/1695 train_loss:10.8258 train_time:192639ms step_avg:229.33ms
step:841/1695 train_loss:10.8258 train_time:192871ms step_avg:229.34ms
step:842/1695 train_loss:10.8258 train_time:193107ms step_avg:229.34ms
step:843/1695 train_loss:10.8258 train_time:193341ms step_avg:229.35ms
step:844/1695 train_loss:10.8258 train_time:193575ms step_avg:229.35ms
step:845/1695 train_loss:10.8258 train_time:193807ms step_avg:229.36ms
step:846/1695 train_loss:10.8258 train_time:194042ms step_avg:229.36ms
step:847/1695 train_loss:10.8258 train_time:194277ms step_avg:229.37ms
step:848/1695 train_loss:10.8258 train_time:194510ms step_avg:229.38ms
step:849/1695 train_loss:10.8258 train_time:194745ms step_avg:229.38ms
step:850/1695 train_loss:10.8258 train_time:194979ms step_avg:229.39ms
step:851/1695 train_loss:10.8258 train_time:195211ms step_avg:229.39ms
step:852/1695 train_loss:10.8258 train_time:195446ms step_avg:229.40ms
step:853/1695 train_loss:10.8258 train_time:195678ms step_avg:229.40ms
step:854/1695 train_loss:10.8258 train_time:195912ms step_avg:229.41ms
step:855/1695 train_loss:10.8258 train_time:196145ms step_avg:229.41ms
step:856/1695 train_loss:10.8258 train_time:196379ms step_avg:229.42ms
step:857/1695 train_loss:10.8258 train_time:196613ms step_avg:229.42ms
step:858/1695 train_loss:10.8258 train_time:196847ms step_avg:229.43ms
step:859/1695 train_loss:10.8258 train_time:197080ms step_avg:229.43ms
step:860/1695 train_loss:10.8258 train_time:197313ms step_avg:229.43ms
step:861/1695 train_loss:10.8258 train_time:197548ms step_avg:229.44ms
step:862/1695 train_loss:10.8258 train_time:197779ms step_avg:229.44ms
step:863/1695 train_loss:10.8258 train_time:198013ms step_avg:229.45ms
step:864/1695 train_loss:10.8258 train_time:198248ms step_avg:229.45ms
step:865/1695 train_loss:10.8258 train_time:198481ms step_avg:229.46ms
step:866/1695 train_loss:10.8258 train_time:198715ms step_avg:229.46ms
step:867/1695 train_loss:10.8258 train_time:198949ms step_avg:229.47ms
step:868/1695 train_loss:10.8258 train_time:199183ms step_avg:229.47ms
step:869/1695 train_loss:10.8258 train_time:199416ms step_avg:229.48ms
step:870/1695 train_loss:10.8258 train_time:199649ms step_avg:229.48ms
step:871/1695 train_loss:10.8258 train_time:199885ms step_avg:229.49ms
step:872/1695 train_loss:10.8258 train_time:200118ms step_avg:229.49ms
step:873/1695 train_loss:10.8258 train_time:200351ms step_avg:229.50ms
step:874/1695 train_loss:10.8258 train_time:200585ms step_avg:229.50ms
step:875/1695 train_loss:10.8258 train_time:200819ms step_avg:229.51ms
step:875/1695 val_loss:10.8258 train_time:200823ms step_avg:229.51ms
step:876/1695 train_loss:10.8258 train_time:201054ms step_avg:229.51ms
step:877/1695 train_loss:10.8258 train_time:201288ms step_avg:229.52ms
step:878/1695 train_loss:10.8258 train_time:201523ms step_avg:229.52ms
step:879/1695 train_loss:10.8258 train_time:201755ms step_avg:229.53ms
step:880/1695 train_loss:10.8258 train_time:201992ms step_avg:229.54ms
step:881/1695 train_loss:10.8258 train_time:202230ms step_avg:229.55ms
step:882/1695 train_loss:10.8258 train_time:202470ms step_avg:229.56ms
step:883/1695 train_loss:10.8258 train_time:202709ms step_avg:229.57ms
step:884/1695 train_loss:10.8258 train_time:202944ms step_avg:229.57ms
step:885/1695 train_loss:10.8258 train_time:203185ms step_avg:229.59ms
step:886/1695 train_loss:10.8258 train_time:203423ms step_avg:229.60ms
step:887/1695 train_loss:10.8258 train_time:203662ms step_avg:229.61ms
step:888/1695 train_loss:10.8258 train_time:203896ms step_avg:229.61ms
step:889/1695 train_loss:10.8258 train_time:204141ms step_avg:229.63ms
step:890/1695 train_loss:10.8258 train_time:204376ms step_avg:229.64ms
step:891/1695 train_loss:10.8258 train_time:204615ms step_avg:229.65ms
step:892/1695 train_loss:10.8258 train_time:204851ms step_avg:229.65ms
step:893/1695 train_loss:10.8258 train_time:205092ms step_avg:229.67ms
step:894/1695 train_loss:10.8258 train_time:205327ms step_avg:229.67ms
step:895/1695 train_loss:10.8258 train_time:205568ms step_avg:229.69ms
step:896/1695 train_loss:10.8258 train_time:205803ms step_avg:229.69ms
step:897/1695 train_loss:10.8258 train_time:206042ms step_avg:229.70ms
step:898/1695 train_loss:10.8258 train_time:206279ms step_avg:229.71ms
step:899/1695 train_loss:10.8258 train_time:206516ms step_avg:229.72ms
step:900/1695 train_loss:10.8258 train_time:206754ms step_avg:229.73ms
step:901/1695 train_loss:10.8258 train_time:206993ms step_avg:229.74ms
step:902/1695 train_loss:10.8258 train_time:207231ms step_avg:229.75ms
step:903/1695 train_loss:10.8258 train_time:207471ms step_avg:229.76ms
step:904/1695 train_loss:10.8258 train_time:207709ms step_avg:229.77ms
step:905/1695 train_loss:10.8258 train_time:207945ms step_avg:229.77ms
step:906/1695 train_loss:10.8258 train_time:208183ms step_avg:229.78ms
step:907/1695 train_loss:10.8258 train_time:208421ms step_avg:229.79ms
step:908/1695 train_loss:10.8258 train_time:208659ms step_avg:229.80ms
step:909/1695 train_loss:10.8258 train_time:208895ms step_avg:229.81ms
step:910/1695 train_loss:10.8258 train_time:209132ms step_avg:229.81ms
step:911/1695 train_loss:10.8258 train_time:209369ms step_avg:229.82ms
step:912/1695 train_loss:10.8258 train_time:209607ms step_avg:229.83ms
step:913/1695 train_loss:10.8258 train_time:209845ms step_avg:229.84ms
step:914/1695 train_loss:10.8258 train_time:210085ms step_avg:229.85ms
step:915/1695 train_loss:10.8258 train_time:210323ms step_avg:229.86ms
step:916/1695 train_loss:10.8258 train_time:210560ms step_avg:229.87ms
step:917/1695 train_loss:10.8258 train_time:210798ms step_avg:229.88ms
step:918/1695 train_loss:10.8258 train_time:211035ms step_avg:229.89ms
step:919/1695 train_loss:10.8258 train_time:211276ms step_avg:229.90ms
step:920/1695 train_loss:10.8258 train_time:211517ms step_avg:229.91ms
step:921/1695 train_loss:10.8258 train_time:211753ms step_avg:229.92ms
step:922/1695 train_loss:10.8258 train_time:211990ms step_avg:229.92ms
step:923/1695 train_loss:10.8258 train_time:212230ms step_avg:229.93ms
step:924/1695 train_loss:10.8258 train_time:212467ms step_avg:229.94ms
step:925/1695 train_loss:10.8258 train_time:212705ms step_avg:229.95ms
step:926/1695 train_loss:10.8258 train_time:212944ms step_avg:229.96ms
step:927/1695 train_loss:10.8258 train_time:213180ms step_avg:229.97ms
step:928/1695 train_loss:10.8258 train_time:213418ms step_avg:229.98ms
step:929/1695 train_loss:10.8258 train_time:213655ms step_avg:229.98ms
step:930/1695 train_loss:10.8258 train_time:213893ms step_avg:229.99ms
step:931/1695 train_loss:10.8258 train_time:214134ms step_avg:230.00ms
step:932/1695 train_loss:10.8258 train_time:214370ms step_avg:230.01ms
step:933/1695 train_loss:10.8258 train_time:214610ms step_avg:230.02ms
step:934/1695 train_loss:10.8258 train_time:214846ms step_avg:230.03ms
step:935/1695 train_loss:10.8258 train_time:215090ms step_avg:230.04ms
step:936/1695 train_loss:10.8258 train_time:215325ms step_avg:230.05ms
step:937/1695 train_loss:10.8258 train_time:215565ms step_avg:230.06ms
step:938/1695 train_loss:10.8258 train_time:215806ms step_avg:230.07ms
step:939/1695 train_loss:10.8258 train_time:216044ms step_avg:230.08ms
step:940/1695 train_loss:10.8258 train_time:216282ms step_avg:230.09ms
step:941/1695 train_loss:10.8258 train_time:216522ms step_avg:230.10ms
step:942/1695 train_loss:10.8258 train_time:216758ms step_avg:230.10ms
step:943/1695 train_loss:10.8258 train_time:216999ms step_avg:230.12ms
step:944/1695 train_loss:10.8258 train_time:217236ms step_avg:230.12ms
step:945/1695 train_loss:10.8258 train_time:217475ms step_avg:230.13ms
step:946/1695 train_loss:10.8258 train_time:217710ms step_avg:230.14ms
step:947/1695 train_loss:10.8258 train_time:217954ms step_avg:230.15ms
step:948/1695 train_loss:10.8258 train_time:218191ms step_avg:230.16ms
step:949/1695 train_loss:10.8258 train_time:218430ms step_avg:230.17ms
step:950/1695 train_loss:10.8258 train_time:218670ms step_avg:230.18ms
step:951/1695 train_loss:10.8258 train_time:218908ms step_avg:230.19ms
step:952/1695 train_loss:10.8258 train_time:219145ms step_avg:230.19ms
step:953/1695 train_loss:10.8258 train_time:219381ms step_avg:230.20ms
step:954/1695 train_loss:10.8258 train_time:219618ms step_avg:230.21ms
step:955/1695 train_loss:10.8258 train_time:219860ms step_avg:230.22ms
step:956/1695 train_loss:10.8258 train_time:220097ms step_avg:230.23ms
step:957/1695 train_loss:10.8258 train_time:220337ms step_avg:230.24ms
step:958/1695 train_loss:10.8258 train_time:220575ms step_avg:230.25ms
step:959/1695 train_loss:10.8258 train_time:220813ms step_avg:230.25ms
step:960/1695 train_loss:10.8258 train_time:221053ms step_avg:230.26ms
step:961/1695 train_loss:10.8258 train_time:221291ms step_avg:230.27ms
step:962/1695 train_loss:10.8258 train_time:221531ms step_avg:230.28ms
step:963/1695 train_loss:10.8258 train_time:221769ms step_avg:230.29ms
step:964/1695 train_loss:10.8258 train_time:222009ms step_avg:230.30ms
step:965/1695 train_loss:10.8258 train_time:222248ms step_avg:230.31ms
step:966/1695 train_loss:10.8258 train_time:222484ms step_avg:230.32ms
step:967/1695 train_loss:10.8258 train_time:222723ms step_avg:230.32ms
step:968/1695 train_loss:10.8258 train_time:222966ms step_avg:230.34ms
step:969/1695 train_loss:10.8258 train_time:223206ms step_avg:230.35ms
step:970/1695 train_loss:10.8258 train_time:223442ms step_avg:230.35ms
step:971/1695 train_loss:10.8258 train_time:223680ms step_avg:230.36ms
step:972/1695 train_loss:10.8258 train_time:223918ms step_avg:230.37ms
step:973/1695 train_loss:10.8258 train_time:224156ms step_avg:230.38ms
step:974/1695 train_loss:10.8258 train_time:224391ms step_avg:230.38ms
step:975/1695 train_loss:10.8258 train_time:224628ms step_avg:230.39ms
step:976/1695 train_loss:10.8258 train_time:224869ms step_avg:230.40ms
step:977/1695 train_loss:10.8258 train_time:225105ms step_avg:230.40ms
step:978/1695 train_loss:10.8258 train_time:225343ms step_avg:230.41ms
step:979/1695 train_loss:10.8258 train_time:225578ms step_avg:230.42ms
step:980/1695 train_loss:10.8258 train_time:225863ms step_avg:230.47ms
step:981/1695 train_loss:10.8258 train_time:226100ms step_avg:230.48ms
step:982/1695 train_loss:10.8258 train_time:226337ms step_avg:230.49ms
step:983/1695 train_loss:10.8258 train_time:226575ms step_avg:230.49ms
step:984/1695 train_loss:10.8258 train_time:226814ms step_avg:230.50ms
step:985/1695 train_loss:10.8258 train_time:227051ms step_avg:230.51ms
step:986/1695 train_loss:10.8258 train_time:227292ms step_avg:230.52ms
step:987/1695 train_loss:10.8258 train_time:227533ms step_avg:230.53ms
step:988/1695 train_loss:10.8258 train_time:227772ms step_avg:230.54ms
step:989/1695 train_loss:10.8258 train_time:228008ms step_avg:230.54ms
step:990/1695 train_loss:10.8258 train_time:228249ms step_avg:230.55ms
step:991/1695 train_loss:10.8258 train_time:228486ms step_avg:230.56ms
step:992/1695 train_loss:10.8258 train_time:228728ms step_avg:230.57ms
step:993/1695 train_loss:10.8258 train_time:228966ms step_avg:230.58ms
step:994/1695 train_loss:10.8258 train_time:229204ms step_avg:230.59ms
step:995/1695 train_loss:10.8258 train_time:229443ms step_avg:230.60ms
step:996/1695 train_loss:10.8258 train_time:229690ms step_avg:230.61ms
step:997/1695 train_loss:10.8258 train_time:229927ms step_avg:230.62ms
step:998/1695 train_loss:10.8258 train_time:230168ms step_avg:230.63ms
step:999/1695 train_loss:10.8258 train_time:230408ms step_avg:230.64ms
step:1000/1695 train_loss:10.8258 train_time:230652ms step_avg:230.65ms
step:1000/1695 val_loss:10.8258 train_time:230659ms step_avg:230.66ms
step:1001/1695 train_loss:10.8258 train_time:230895ms step_avg:230.66ms
step:1002/1695 train_loss:10.8258 train_time:231135ms step_avg:230.67ms
step:1003/1695 train_loss:10.8258 train_time:231375ms step_avg:230.68ms
step:1004/1695 train_loss:10.8258 train_time:231618ms step_avg:230.69ms
step:1005/1695 train_loss:10.8258 train_time:231857ms step_avg:230.70ms
step:1006/1695 train_loss:10.8258 train_time:232097ms step_avg:230.71ms
step:1007/1695 train_loss:10.8258 train_time:232336ms step_avg:230.72ms
step:1008/1695 train_loss:10.8258 train_time:232579ms step_avg:230.73ms
step:1009/1695 train_loss:10.8258 train_time:232817ms step_avg:230.74ms
step:1010/1695 train_loss:10.8258 train_time:233057ms step_avg:230.75ms
step:1011/1695 train_loss:10.8258 train_time:233295ms step_avg:230.76ms
step:1012/1695 train_loss:10.8258 train_time:233540ms step_avg:230.77ms
step:1013/1695 train_loss:10.8258 train_time:233782ms step_avg:230.78ms
step:1014/1695 train_loss:10.8258 train_time:234021ms step_avg:230.79ms
step:1015/1695 train_loss:10.8258 train_time:234264ms step_avg:230.80ms
step:1016/1695 train_loss:10.8258 train_time:234503ms step_avg:230.81ms
step:1017/1695 train_loss:10.8258 train_time:234745ms step_avg:230.82ms
step:1018/1695 train_loss:10.8258 train_time:234987ms step_avg:230.83ms
step:1019/1695 train_loss:10.8258 train_time:235226ms step_avg:230.84ms
step:1020/1695 train_loss:10.8258 train_time:235466ms step_avg:230.85ms
step:1021/1695 train_loss:10.8258 train_time:235708ms step_avg:230.86ms
step:1022/1695 train_loss:10.8258 train_time:235948ms step_avg:230.87ms
step:1023/1695 train_loss:10.8258 train_time:236189ms step_avg:230.88ms
step:1024/1695 train_loss:10.8258 train_time:236437ms step_avg:230.90ms
step:1025/1695 train_loss:10.8258 train_time:236680ms step_avg:230.91ms
step:1026/1695 train_loss:10.8258 train_time:236920ms step_avg:230.92ms
step:1027/1695 train_loss:10.8258 train_time:237165ms step_avg:230.93ms
step:1028/1695 train_loss:10.8258 train_time:237405ms step_avg:230.94ms
step:1029/1695 train_loss:10.8258 train_time:237651ms step_avg:230.95ms
step:1030/1695 train_loss:10.8258 train_time:237892ms step_avg:230.96ms
step:1031/1695 train_loss:10.8258 train_time:238134ms step_avg:230.97ms
step:1032/1695 train_loss:10.8258 train_time:238373ms step_avg:230.98ms
step:1033/1695 train_loss:10.8258 train_time:238617ms step_avg:230.99ms
step:1034/1695 train_loss:10.8258 train_time:238856ms step_avg:231.00ms
step:1035/1695 train_loss:10.8258 train_time:239098ms step_avg:231.01ms
step:1036/1695 train_loss:10.8258 train_time:239338ms step_avg:231.02ms
step:1037/1695 train_loss:10.8258 train_time:239581ms step_avg:231.03ms
step:1038/1695 train_loss:10.8258 train_time:239823ms step_avg:231.04ms
step:1039/1695 train_loss:10.8258 train_time:240068ms step_avg:231.06ms
step:1040/1695 train_loss:10.8258 train_time:240310ms step_avg:231.07ms
step:1041/1695 train_loss:10.8258 train_time:240551ms step_avg:231.08ms
step:1042/1695 train_loss:10.8258 train_time:240794ms step_avg:231.09ms
step:1043/1695 train_loss:10.8258 train_time:241036ms step_avg:231.10ms
step:1044/1695 train_loss:10.8258 train_time:241278ms step_avg:231.11ms
step:1045/1695 train_loss:10.8258 train_time:241517ms step_avg:231.12ms
step:1046/1695 train_loss:10.8258 train_time:241761ms step_avg:231.13ms
step:1047/1695 train_loss:10.8258 train_time:242002ms step_avg:231.14ms
step:1048/1695 train_loss:10.8258 train_time:242243ms step_avg:231.15ms
step:1049/1695 train_loss:10.8258 train_time:242482ms step_avg:231.16ms
step:1050/1695 train_loss:10.8258 train_time:242726ms step_avg:231.17ms
step:1051/1695 train_loss:10.8258 train_time:242969ms step_avg:231.18ms
step:1052/1695 train_loss:10.8258 train_time:243212ms step_avg:231.19ms
step:1053/1695 train_loss:10.8258 train_time:243455ms step_avg:231.20ms
step:1054/1695 train_loss:10.8258 train_time:243696ms step_avg:231.21ms
step:1055/1695 train_loss:10.8258 train_time:243937ms step_avg:231.22ms
step:1056/1695 train_loss:10.8258 train_time:244177ms step_avg:231.23ms
