W1003 13:02:26.776000 50213 site-packages/torch/distributed/run.py:852] 
W1003 13:02:26.776000 50213 site-packages/torch/distributed/run.py:852] *****************************************
W1003 13:02:26.776000 50213 site-packages/torch/distributed/run.py:852] Setting OMP_NUM_THREADS environment variable for each process to be 1 in default, to avoid your system being overloaded, please further tune the variable for optimal performance in your application as needed. 
W1003 13:02:26.776000 50213 site-packages/torch/distributed/run.py:852] *****************************************
logs/9448e84f-2db2-4a5f-ab6b-7c7554da8021.txt
step:0/1695 val_loss:10.8258 train_time:0ms step_avg:0.02ms
step:1/1695 train_time:269ms step_avg:268.55ms
step:2/1695 train_time:305ms step_avg:152.74ms
step:3/1695 train_time:491ms step_avg:163.79ms
step:4/1695 train_time:717ms step_avg:179.37ms
step:5/1695 train_time:945ms step_avg:189.06ms
step:6/1695 train_time:1173ms step_avg:195.45ms
step:7/1695 train_time:1401ms step_avg:200.15ms
step:8/1695 train_time:1629ms step_avg:203.69ms
step:9/1695 train_time:1857ms step_avg:206.35ms
step:10/1695 train_time:2085ms step_avg:208.50ms
step:11/1695 train_time:2313ms step_avg:210.26ms
step:12/1695 train_time:2541ms step_avg:211.77ms
step:13/1695 train_time:2769ms step_avg:212.98ms
step:14/1695 train_time:2996ms step_avg:214.03ms
step:15/1695 train_time:3225ms step_avg:215.03ms
step:16/1695 train_time:3454ms step_avg:215.89ms
step:17/1695 train_time:3682ms step_avg:216.61ms
step:18/1695 train_time:3911ms step_avg:217.29ms
step:19/1695 train_time:4139ms step_avg:217.85ms
step:20/1695 train_time:4368ms step_avg:218.39ms
step:21/1695 train_time:4596ms step_avg:218.85ms
step:22/1695 train_time:4825ms step_avg:219.32ms
step:23/1695 train_time:5054ms step_avg:219.73ms
step:24/1695 train_time:5282ms step_avg:220.06ms
step:25/1695 train_time:5510ms step_avg:220.41ms
step:26/1695 train_time:5739ms step_avg:220.73ms
step:27/1695 train_time:5968ms step_avg:221.02ms
step:28/1695 train_time:6196ms step_avg:221.30ms
step:29/1695 train_time:6425ms step_avg:221.54ms
step:30/1695 train_time:6653ms step_avg:221.77ms
step:31/1695 train_time:6882ms step_avg:222.00ms
step:32/1695 train_time:7111ms step_avg:222.21ms
step:33/1695 train_time:7339ms step_avg:222.41ms
step:34/1695 train_time:7568ms step_avg:222.60ms
step:35/1695 train_time:7796ms step_avg:222.75ms
step:36/1695 train_time:8026ms step_avg:222.94ms
step:37/1695 train_time:8254ms step_avg:223.09ms
step:38/1695 train_time:8484ms step_avg:223.25ms
step:39/1695 train_time:8713ms step_avg:223.42ms
step:40/1695 train_time:8942ms step_avg:223.55ms
step:41/1695 train_time:9171ms step_avg:223.68ms
step:42/1695 train_time:9400ms step_avg:223.82ms
step:43/1695 train_time:9629ms step_avg:223.93ms
step:44/1695 train_time:9858ms step_avg:224.05ms
step:45/1695 train_time:10087ms step_avg:224.15ms
step:46/1695 train_time:10316ms step_avg:224.26ms
step:47/1695 train_time:10544ms step_avg:224.35ms
step:48/1695 train_time:10773ms step_avg:224.44ms
step:49/1695 train_time:11002ms step_avg:224.54ms
step:50/1695 train_time:11231ms step_avg:224.63ms
step:51/1695 train_time:11460ms step_avg:224.71ms
step:52/1695 train_time:11690ms step_avg:224.80ms
step:53/1695 train_time:11919ms step_avg:224.88ms
step:54/1695 train_time:12148ms step_avg:224.97ms
step:55/1695 train_time:12378ms step_avg:225.05ms
step:56/1695 train_time:12607ms step_avg:225.12ms
step:57/1695 train_time:12836ms step_avg:225.19ms
step:58/1695 train_time:13066ms step_avg:225.28ms
step:59/1695 train_time:13295ms step_avg:225.34ms
step:60/1695 train_time:13525ms step_avg:225.41ms
step:61/1695 train_time:13755ms step_avg:225.49ms
step:62/1695 train_time:13983ms step_avg:225.54ms
step:63/1695 train_time:14213ms step_avg:225.60ms
step:64/1695 train_time:14442ms step_avg:225.65ms
step:65/1695 train_time:14670ms step_avg:225.70ms
step:66/1695 train_time:14900ms step_avg:225.76ms
step:67/1695 train_time:15130ms step_avg:225.82ms
step:68/1695 train_time:15359ms step_avg:225.86ms
step:69/1695 train_time:15589ms step_avg:225.92ms
step:70/1695 train_time:15818ms step_avg:225.97ms
step:71/1695 train_time:16047ms step_avg:226.02ms
step:72/1695 train_time:16276ms step_avg:226.06ms
step:73/1695 train_time:16507ms step_avg:226.12ms
step:74/1695 train_time:16735ms step_avg:226.15ms
step:75/1695 train_time:16965ms step_avg:226.20ms
step:76/1695 train_time:17195ms step_avg:226.25ms
step:77/1695 train_time:17425ms step_avg:226.29ms
step:78/1695 train_time:17654ms step_avg:226.33ms
step:79/1695 train_time:17883ms step_avg:226.37ms
step:80/1695 train_time:18113ms step_avg:226.41ms
step:81/1695 train_time:18342ms step_avg:226.45ms
step:82/1695 train_time:18572ms step_avg:226.49ms
step:83/1695 train_time:18802ms step_avg:226.53ms
step:84/1695 train_time:19032ms step_avg:226.57ms
step:85/1695 train_time:19262ms step_avg:226.61ms
step:86/1695 train_time:19492ms step_avg:226.65ms
step:87/1695 train_time:19722ms step_avg:226.69ms
step:88/1695 train_time:19952ms step_avg:226.73ms
step:89/1695 train_time:20181ms step_avg:226.76ms
step:90/1695 train_time:20411ms step_avg:226.79ms
step:91/1695 train_time:20641ms step_avg:226.82ms
step:92/1695 train_time:20870ms step_avg:226.85ms
step:93/1695 train_time:21100ms step_avg:226.88ms
step:94/1695 train_time:21330ms step_avg:226.91ms
step:95/1695 train_time:21560ms step_avg:226.95ms
step:96/1695 train_time:21790ms step_avg:226.98ms
step:97/1695 train_time:22020ms step_avg:227.01ms
step:98/1695 train_time:22250ms step_avg:227.04ms
step:99/1695 train_time:22479ms step_avg:227.06ms
step:100/1695 train_time:22709ms step_avg:227.09ms
step:101/1695 train_time:22939ms step_avg:227.12ms
step:102/1695 train_time:23169ms step_avg:227.14ms
step:103/1695 train_time:23399ms step_avg:227.18ms
step:104/1695 train_time:23629ms step_avg:227.20ms
step:105/1695 train_time:23859ms step_avg:227.22ms
step:106/1695 train_time:24088ms step_avg:227.25ms
step:107/1695 train_time:24319ms step_avg:227.28ms
step:108/1695 train_time:24548ms step_avg:227.30ms
step:109/1695 train_time:24778ms step_avg:227.32ms
step:110/1695 train_time:25008ms step_avg:227.35ms
step:111/1695 train_time:25238ms step_avg:227.37ms
step:112/1695 train_time:25469ms step_avg:227.40ms
step:113/1695 train_time:25700ms step_avg:227.43ms
step:114/1695 train_time:25930ms step_avg:227.45ms
step:115/1695 train_time:26160ms step_avg:227.48ms
step:116/1695 train_time:26390ms step_avg:227.50ms
step:117/1695 train_time:26619ms step_avg:227.52ms
step:118/1695 train_time:26850ms step_avg:227.54ms
step:119/1695 train_time:27080ms step_avg:227.56ms
step:120/1695 train_time:27310ms step_avg:227.58ms
step:121/1695 train_time:27540ms step_avg:227.61ms
step:122/1695 train_time:27770ms step_avg:227.62ms
step:123/1695 train_time:28000ms step_avg:227.64ms
step:124/1695 train_time:28230ms step_avg:227.66ms
step:125/1695 train_time:28460ms step_avg:227.68ms
step:125/1695 val_loss:4.6013 train_time:28694ms step_avg:229.55ms
step:126/1695 train_time:28742ms step_avg:228.11ms
step:127/1695 train_time:28928ms step_avg:227.78ms
step:128/1695 train_time:29160ms step_avg:227.81ms
step:129/1695 train_time:29392ms step_avg:227.84ms
step:130/1695 train_time:29625ms step_avg:227.88ms
step:131/1695 train_time:29856ms step_avg:227.91ms
step:132/1695 train_time:30089ms step_avg:227.94ms
step:133/1695 train_time:30320ms step_avg:227.97ms
step:134/1695 train_time:30552ms step_avg:228.00ms
step:135/1695 train_time:30784ms step_avg:228.03ms
step:136/1695 train_time:31017ms step_avg:228.07ms
step:137/1695 train_time:31251ms step_avg:228.11ms
step:138/1695 train_time:31483ms step_avg:228.14ms
step:139/1695 train_time:31716ms step_avg:228.17ms
step:140/1695 train_time:31948ms step_avg:228.20ms
step:141/1695 train_time:32181ms step_avg:228.24ms
step:142/1695 train_time:32413ms step_avg:228.26ms
step:143/1695 train_time:32646ms step_avg:228.29ms
step:144/1695 train_time:32878ms step_avg:228.32ms
step:145/1695 train_time:33110ms step_avg:228.35ms
step:146/1695 train_time:33342ms step_avg:228.37ms
step:147/1695 train_time:33575ms step_avg:228.40ms
step:148/1695 train_time:33809ms step_avg:228.44ms
step:149/1695 train_time:34041ms step_avg:228.47ms
step:150/1695 train_time:34274ms step_avg:228.49ms
step:151/1695 train_time:34507ms step_avg:228.52ms
step:152/1695 train_time:34739ms step_avg:228.55ms
step:153/1695 train_time:34971ms step_avg:228.57ms
step:154/1695 train_time:35204ms step_avg:228.60ms
step:155/1695 train_time:35436ms step_avg:228.62ms
step:156/1695 train_time:35668ms step_avg:228.64ms
step:157/1695 train_time:35901ms step_avg:228.67ms
step:158/1695 train_time:36133ms step_avg:228.69ms
step:159/1695 train_time:36365ms step_avg:228.71ms
step:160/1695 train_time:36598ms step_avg:228.74ms
step:161/1695 train_time:36830ms step_avg:228.76ms
step:162/1695 train_time:37063ms step_avg:228.78ms
step:163/1695 train_time:37295ms step_avg:228.80ms
step:164/1695 train_time:37527ms step_avg:228.82ms
step:165/1695 train_time:37760ms step_avg:228.85ms
step:166/1695 train_time:37992ms step_avg:228.87ms
step:167/1695 train_time:38224ms step_avg:228.89ms
step:168/1695 train_time:38457ms step_avg:228.91ms
step:169/1695 train_time:38689ms step_avg:228.93ms
step:170/1695 train_time:38921ms step_avg:228.95ms
step:171/1695 train_time:39153ms step_avg:228.97ms
step:172/1695 train_time:39386ms step_avg:228.99ms
step:173/1695 train_time:39617ms step_avg:229.00ms
step:174/1695 train_time:39850ms step_avg:229.02ms
step:175/1695 train_time:40082ms step_avg:229.04ms
step:176/1695 train_time:40315ms step_avg:229.06ms
step:177/1695 train_time:40548ms step_avg:229.08ms
step:178/1695 train_time:40781ms step_avg:229.10ms
step:179/1695 train_time:41013ms step_avg:229.12ms
step:180/1695 train_time:41245ms step_avg:229.14ms
step:181/1695 train_time:41478ms step_avg:229.16ms
step:182/1695 train_time:41710ms step_avg:229.18ms
step:183/1695 train_time:41944ms step_avg:229.20ms
step:184/1695 train_time:42175ms step_avg:229.21ms
step:185/1695 train_time:42408ms step_avg:229.23ms
step:186/1695 train_time:42640ms step_avg:229.25ms
step:187/1695 train_time:42873ms step_avg:229.27ms
step:188/1695 train_time:43104ms step_avg:229.28ms
step:189/1695 train_time:43337ms step_avg:229.30ms
step:190/1695 train_time:43569ms step_avg:229.31ms
step:191/1695 train_time:43802ms step_avg:229.33ms
step:192/1695 train_time:44034ms step_avg:229.35ms
step:193/1695 train_time:44268ms step_avg:229.37ms
step:194/1695 train_time:44500ms step_avg:229.38ms
step:195/1695 train_time:44733ms step_avg:229.40ms
step:196/1695 train_time:44966ms step_avg:229.42ms
step:197/1695 train_time:45198ms step_avg:229.43ms
step:198/1695 train_time:45430ms step_avg:229.44ms
step:199/1695 train_time:45663ms step_avg:229.46ms
step:200/1695 train_time:45895ms step_avg:229.48ms
step:201/1695 train_time:46128ms step_avg:229.49ms
step:202/1695 train_time:46361ms step_avg:229.51ms
step:203/1695 train_time:46593ms step_avg:229.52ms
step:204/1695 train_time:46826ms step_avg:229.54ms
step:205/1695 train_time:47059ms step_avg:229.55ms
step:206/1695 train_time:47291ms step_avg:229.57ms
step:207/1695 train_time:47523ms step_avg:229.58ms
step:208/1695 train_time:47755ms step_avg:229.59ms
step:209/1695 train_time:47987ms step_avg:229.60ms
step:210/1695 train_time:48220ms step_avg:229.62ms
step:211/1695 train_time:48452ms step_avg:229.63ms
step:212/1695 train_time:48684ms step_avg:229.64ms
step:213/1695 train_time:48916ms step_avg:229.65ms
step:214/1695 train_time:49149ms step_avg:229.67ms
step:215/1695 train_time:49381ms step_avg:229.68ms
step:216/1695 train_time:49614ms step_avg:229.69ms
step:217/1695 train_time:49846ms step_avg:229.71ms
step:218/1695 train_time:50079ms step_avg:229.72ms
step:219/1695 train_time:50311ms step_avg:229.73ms
step:220/1695 train_time:50544ms step_avg:229.74ms
step:221/1695 train_time:50775ms step_avg:229.75ms
step:222/1695 train_time:51008ms step_avg:229.77ms
step:223/1695 train_time:51241ms step_avg:229.78ms
step:224/1695 train_time:51474ms step_avg:229.79ms
step:225/1695 train_time:51706ms step_avg:229.80ms
step:226/1695 train_time:51939ms step_avg:229.82ms
step:227/1695 train_time:52171ms step_avg:229.83ms
step:228/1695 train_time:52404ms step_avg:229.84ms
step:229/1695 train_time:52637ms step_avg:229.86ms
step:230/1695 train_time:52869ms step_avg:229.87ms
step:231/1695 train_time:53102ms step_avg:229.88ms
step:232/1695 train_time:53335ms step_avg:229.89ms
step:233/1695 train_time:53567ms step_avg:229.90ms
step:234/1695 train_time:53800ms step_avg:229.91ms
step:235/1695 train_time:54032ms step_avg:229.92ms
step:236/1695 train_time:54265ms step_avg:229.94ms
step:237/1695 train_time:54497ms step_avg:229.95ms
step:238/1695 train_time:54729ms step_avg:229.96ms
step:239/1695 train_time:54962ms step_avg:229.96ms
step:240/1695 train_time:55194ms step_avg:229.98ms
step:241/1695 train_time:55427ms step_avg:229.99ms
step:242/1695 train_time:55660ms step_avg:230.00ms
step:243/1695 train_time:55892ms step_avg:230.01ms
step:244/1695 train_time:56125ms step_avg:230.02ms
step:245/1695 train_time:56358ms step_avg:230.03ms
step:246/1695 train_time:56590ms step_avg:230.04ms
step:247/1695 train_time:56823ms step_avg:230.05ms
step:248/1695 train_time:57056ms step_avg:230.06ms
step:249/1695 train_time:57289ms step_avg:230.07ms
step:250/1695 train_time:57521ms step_avg:230.09ms
step:250/1695 val_loss:4.0830 train_time:57757ms step_avg:231.03ms
step:251/1695 train_time:57805ms step_avg:230.30ms
step:252/1695 train_time:57992ms step_avg:230.13ms
step:253/1695 train_time:58225ms step_avg:230.14ms
step:254/1695 train_time:58459ms step_avg:230.15ms
step:255/1695 train_time:58693ms step_avg:230.17ms
step:256/1695 train_time:58927ms step_avg:230.19ms
step:257/1695 train_time:59162ms step_avg:230.20ms
step:258/1695 train_time:59395ms step_avg:230.21ms
step:259/1695 train_time:59630ms step_avg:230.23ms
step:260/1695 train_time:59863ms step_avg:230.24ms
step:261/1695 train_time:60098ms step_avg:230.26ms
step:262/1695 train_time:60332ms step_avg:230.27ms
step:263/1695 train_time:60566ms step_avg:230.29ms
step:264/1695 train_time:60800ms step_avg:230.30ms
step:265/1695 train_time:61035ms step_avg:230.32ms
step:266/1695 train_time:61269ms step_avg:230.33ms
step:267/1695 train_time:61503ms step_avg:230.35ms
step:268/1695 train_time:61737ms step_avg:230.36ms
step:269/1695 train_time:61971ms step_avg:230.38ms
step:270/1695 train_time:62205ms step_avg:230.39ms
step:271/1695 train_time:62439ms step_avg:230.40ms
step:272/1695 train_time:62673ms step_avg:230.42ms
step:273/1695 train_time:62909ms step_avg:230.43ms
step:274/1695 train_time:63142ms step_avg:230.45ms
step:275/1695 train_time:63377ms step_avg:230.46ms
step:276/1695 train_time:63610ms step_avg:230.47ms
step:277/1695 train_time:63844ms step_avg:230.48ms
step:278/1695 train_time:64078ms step_avg:230.49ms
step:279/1695 train_time:64311ms step_avg:230.51ms
step:280/1695 train_time:64545ms step_avg:230.52ms
step:281/1695 train_time:64779ms step_avg:230.53ms
step:282/1695 train_time:65013ms step_avg:230.54ms
step:283/1695 train_time:65248ms step_avg:230.56ms
step:284/1695 train_time:65482ms step_avg:230.57ms
step:285/1695 train_time:65717ms step_avg:230.59ms
step:286/1695 train_time:65950ms step_avg:230.59ms
step:287/1695 train_time:66185ms step_avg:230.61ms
step:288/1695 train_time:66419ms step_avg:230.62ms
step:289/1695 train_time:66653ms step_avg:230.63ms
step:290/1695 train_time:66887ms step_avg:230.64ms
step:291/1695 train_time:67121ms step_avg:230.66ms
step:292/1695 train_time:67354ms step_avg:230.67ms
step:293/1695 train_time:67588ms step_avg:230.68ms
step:294/1695 train_time:67822ms step_avg:230.69ms
step:295/1695 train_time:68056ms step_avg:230.70ms
step:296/1695 train_time:68291ms step_avg:230.71ms
step:297/1695 train_time:68525ms step_avg:230.72ms
step:298/1695 train_time:68759ms step_avg:230.74ms
step:299/1695 train_time:68994ms step_avg:230.75ms
step:300/1695 train_time:69228ms step_avg:230.76ms
step:301/1695 train_time:69462ms step_avg:230.77ms
step:302/1695 train_time:69696ms step_avg:230.78ms
step:303/1695 train_time:69930ms step_avg:230.79ms
step:304/1695 train_time:70164ms step_avg:230.80ms
step:305/1695 train_time:70398ms step_avg:230.81ms
step:306/1695 train_time:70631ms step_avg:230.82ms
step:307/1695 train_time:70867ms step_avg:230.84ms
step:308/1695 train_time:71101ms step_avg:230.85ms
step:309/1695 train_time:71335ms step_avg:230.86ms
step:310/1695 train_time:71568ms step_avg:230.86ms
step:311/1695 train_time:71802ms step_avg:230.88ms
step:312/1695 train_time:72037ms step_avg:230.89ms
step:313/1695 train_time:72271ms step_avg:230.90ms
step:314/1695 train_time:72505ms step_avg:230.91ms
step:315/1695 train_time:72739ms step_avg:230.92ms
step:316/1695 train_time:72972ms step_avg:230.93ms
step:317/1695 train_time:73206ms step_avg:230.93ms
step:318/1695 train_time:73439ms step_avg:230.94ms
step:319/1695 train_time:73673ms step_avg:230.95ms
step:320/1695 train_time:73908ms step_avg:230.96ms
step:321/1695 train_time:74142ms step_avg:230.97ms
step:322/1695 train_time:74376ms step_avg:230.98ms
step:323/1695 train_time:74611ms step_avg:230.99ms
step:324/1695 train_time:74844ms step_avg:231.00ms
step:325/1695 train_time:75078ms step_avg:231.01ms
step:326/1695 train_time:75312ms step_avg:231.02ms
step:327/1695 train_time:75546ms step_avg:231.03ms
step:328/1695 train_time:75781ms step_avg:231.04ms
step:329/1695 train_time:76014ms step_avg:231.05ms
step:330/1695 train_time:76248ms step_avg:231.05ms
step:331/1695 train_time:76482ms step_avg:231.06ms
step:332/1695 train_time:76716ms step_avg:231.07ms
step:333/1695 train_time:76949ms step_avg:231.08ms
step:334/1695 train_time:77183ms step_avg:231.09ms
step:335/1695 train_time:77417ms step_avg:231.10ms
step:336/1695 train_time:77652ms step_avg:231.11ms
step:337/1695 train_time:77885ms step_avg:231.11ms
step:338/1695 train_time:78119ms step_avg:231.12ms
step:339/1695 train_time:78353ms step_avg:231.13ms
step:340/1695 train_time:78588ms step_avg:231.14ms
step:341/1695 train_time:78822ms step_avg:231.15ms
step:342/1695 train_time:79056ms step_avg:231.16ms
step:343/1695 train_time:79290ms step_avg:231.17ms
step:344/1695 train_time:79524ms step_avg:231.17ms
step:345/1695 train_time:79758ms step_avg:231.18ms
step:346/1695 train_time:79992ms step_avg:231.19ms
step:347/1695 train_time:80225ms step_avg:231.20ms
step:348/1695 train_time:80459ms step_avg:231.21ms
step:349/1695 train_time:80694ms step_avg:231.21ms
step:350/1695 train_time:80928ms step_avg:231.22ms
step:351/1695 train_time:81161ms step_avg:231.23ms
step:352/1695 train_time:81395ms step_avg:231.24ms
step:353/1695 train_time:81629ms step_avg:231.24ms
step:354/1695 train_time:81862ms step_avg:231.25ms
step:355/1695 train_time:82097ms step_avg:231.26ms
step:356/1695 train_time:82331ms step_avg:231.27ms
step:357/1695 train_time:82565ms step_avg:231.28ms
step:358/1695 train_time:82799ms step_avg:231.28ms
step:359/1695 train_time:83033ms step_avg:231.29ms
step:360/1695 train_time:83266ms step_avg:231.29ms
step:361/1695 train_time:83500ms step_avg:231.30ms
step:362/1695 train_time:83733ms step_avg:231.31ms
step:363/1695 train_time:83968ms step_avg:231.32ms
step:364/1695 train_time:84202ms step_avg:231.33ms
step:365/1695 train_time:84436ms step_avg:231.33ms
step:366/1695 train_time:84671ms step_avg:231.34ms
step:367/1695 train_time:84904ms step_avg:231.35ms
step:368/1695 train_time:85138ms step_avg:231.35ms
step:369/1695 train_time:85371ms step_avg:231.36ms
step:370/1695 train_time:85605ms step_avg:231.37ms
step:371/1695 train_time:85839ms step_avg:231.37ms
step:372/1695 train_time:86073ms step_avg:231.38ms
step:373/1695 train_time:86308ms step_avg:231.39ms
step:374/1695 train_time:86541ms step_avg:231.39ms
step:375/1695 train_time:86775ms step_avg:231.40ms
step:375/1695 val_loss:3.8797 train_time:87012ms step_avg:232.03ms
step:376/1695 train_time:87061ms step_avg:231.54ms
step:377/1695 train_time:87249ms step_avg:231.43ms
step:378/1695 train_time:87483ms step_avg:231.44ms
step:379/1695 train_time:87723ms step_avg:231.46ms
step:380/1695 train_time:87963ms step_avg:231.48ms
step:381/1695 train_time:88205ms step_avg:231.51ms
step:382/1695 train_time:88446ms step_avg:231.53ms
step:383/1695 train_time:88687ms step_avg:231.56ms
step:384/1695 train_time:88928ms step_avg:231.58ms
step:385/1695 train_time:89169ms step_avg:231.61ms
step:386/1695 train_time:89409ms step_avg:231.63ms
step:387/1695 train_time:89649ms step_avg:231.65ms
step:388/1695 train_time:89890ms step_avg:231.68ms
step:389/1695 train_time:90131ms step_avg:231.70ms
step:390/1695 train_time:90372ms step_avg:231.72ms
step:391/1695 train_time:90612ms step_avg:231.74ms
step:392/1695 train_time:90852ms step_avg:231.77ms
step:393/1695 train_time:91093ms step_avg:231.79ms
step:394/1695 train_time:91333ms step_avg:231.81ms
step:395/1695 train_time:91573ms step_avg:231.83ms
step:396/1695 train_time:91814ms step_avg:231.85ms
step:397/1695 train_time:92055ms step_avg:231.88ms
step:398/1695 train_time:92295ms step_avg:231.90ms
step:399/1695 train_time:92536ms step_avg:231.92ms
step:400/1695 train_time:92777ms step_avg:231.94ms
step:401/1695 train_time:93019ms step_avg:231.97ms
step:402/1695 train_time:93257ms step_avg:231.98ms
step:403/1695 train_time:93498ms step_avg:232.01ms
step:404/1695 train_time:93739ms step_avg:232.03ms
step:405/1695 train_time:93980ms step_avg:232.05ms
step:406/1695 train_time:94220ms step_avg:232.07ms
step:407/1695 train_time:94461ms step_avg:232.09ms
step:408/1695 train_time:94702ms step_avg:232.11ms
step:409/1695 train_time:94943ms step_avg:232.13ms
step:410/1695 train_time:95183ms step_avg:232.15ms
step:411/1695 train_time:95423ms step_avg:232.17ms
step:412/1695 train_time:95664ms step_avg:232.19ms
step:413/1695 train_time:95906ms step_avg:232.22ms
step:414/1695 train_time:96147ms step_avg:232.24ms
step:415/1695 train_time:96387ms step_avg:232.26ms
step:416/1695 train_time:96628ms step_avg:232.28ms
step:417/1695 train_time:96868ms step_avg:232.30ms
step:418/1695 train_time:97108ms step_avg:232.32ms
step:419/1695 train_time:97349ms step_avg:232.34ms
step:420/1695 train_time:97592ms step_avg:232.36ms
step:421/1695 train_time:97833ms step_avg:232.38ms
step:422/1695 train_time:98074ms step_avg:232.40ms
step:423/1695 train_time:98314ms step_avg:232.42ms
step:424/1695 train_time:98555ms step_avg:232.44ms
step:425/1695 train_time:98795ms step_avg:232.46ms
step:426/1695 train_time:99035ms step_avg:232.48ms
step:427/1695 train_time:99276ms step_avg:232.50ms
step:428/1695 train_time:99516ms step_avg:232.52ms
step:429/1695 train_time:99758ms step_avg:232.54ms
step:430/1695 train_time:99998ms step_avg:232.55ms
step:431/1695 train_time:100238ms step_avg:232.57ms
step:432/1695 train_time:100479ms step_avg:232.59ms
step:433/1695 train_time:100720ms step_avg:232.61ms
step:434/1695 train_time:100960ms step_avg:232.63ms
step:435/1695 train_time:101201ms step_avg:232.65ms
step:436/1695 train_time:101443ms step_avg:232.67ms
step:437/1695 train_time:101683ms step_avg:232.69ms
step:438/1695 train_time:101924ms step_avg:232.70ms
step:439/1695 train_time:102165ms step_avg:232.72ms
step:440/1695 train_time:102406ms step_avg:232.74ms
step:441/1695 train_time:102646ms step_avg:232.76ms
step:442/1695 train_time:102887ms step_avg:232.78ms
step:443/1695 train_time:103128ms step_avg:232.79ms
step:444/1695 train_time:103369ms step_avg:232.81ms
step:445/1695 train_time:103610ms step_avg:232.83ms
step:446/1695 train_time:103850ms step_avg:232.85ms
step:447/1695 train_time:104090ms step_avg:232.86ms
step:448/1695 train_time:104331ms step_avg:232.88ms
step:449/1695 train_time:104571ms step_avg:232.90ms
step:450/1695 train_time:104811ms step_avg:232.91ms
step:451/1695 train_time:105052ms step_avg:232.93ms
step:452/1695 train_time:105293ms step_avg:232.95ms
step:453/1695 train_time:105534ms step_avg:232.97ms
step:454/1695 train_time:105774ms step_avg:232.98ms
step:455/1695 train_time:106014ms step_avg:233.00ms
step:456/1695 train_time:106255ms step_avg:233.02ms
step:457/1695 train_time:106497ms step_avg:233.03ms
step:458/1695 train_time:106737ms step_avg:233.05ms
step:459/1695 train_time:106979ms step_avg:233.07ms
step:460/1695 train_time:107219ms step_avg:233.09ms
step:461/1695 train_time:107460ms step_avg:233.10ms
step:462/1695 train_time:107700ms step_avg:233.12ms
step:463/1695 train_time:107940ms step_avg:233.13ms
step:464/1695 train_time:108181ms step_avg:233.15ms
step:465/1695 train_time:108423ms step_avg:233.17ms
step:466/1695 train_time:108663ms step_avg:233.18ms
step:467/1695 train_time:108904ms step_avg:233.20ms
step:468/1695 train_time:109146ms step_avg:233.22ms
step:469/1695 train_time:109387ms step_avg:233.24ms
step:470/1695 train_time:109628ms step_avg:233.25ms
step:471/1695 train_time:109868ms step_avg:233.27ms
step:472/1695 train_time:110109ms step_avg:233.28ms
step:473/1695 train_time:110349ms step_avg:233.30ms
step:474/1695 train_time:110591ms step_avg:233.31ms
step:475/1695 train_time:110832ms step_avg:233.33ms
step:476/1695 train_time:111073ms step_avg:233.35ms
step:477/1695 train_time:111314ms step_avg:233.36ms
step:478/1695 train_time:111554ms step_avg:233.38ms
step:479/1695 train_time:111795ms step_avg:233.39ms
step:480/1695 train_time:112034ms step_avg:233.40ms
step:481/1695 train_time:112275ms step_avg:233.42ms
step:482/1695 train_time:112515ms step_avg:233.43ms
step:483/1695 train_time:112756ms step_avg:233.45ms
step:484/1695 train_time:112997ms step_avg:233.46ms
step:485/1695 train_time:113238ms step_avg:233.48ms
step:486/1695 train_time:113479ms step_avg:233.50ms
step:487/1695 train_time:113719ms step_avg:233.51ms
step:488/1695 train_time:113959ms step_avg:233.52ms
step:489/1695 train_time:114200ms step_avg:233.54ms
step:490/1695 train_time:114441ms step_avg:233.55ms
step:491/1695 train_time:114681ms step_avg:233.57ms
step:492/1695 train_time:114923ms step_avg:233.58ms
step:493/1695 train_time:115164ms step_avg:233.60ms
step:494/1695 train_time:115405ms step_avg:233.61ms
step:495/1695 train_time:115646ms step_avg:233.63ms
step:496/1695 train_time:115887ms step_avg:233.64ms
step:497/1695 train_time:116127ms step_avg:233.66ms
step:498/1695 train_time:116368ms step_avg:233.67ms
step:499/1695 train_time:116609ms step_avg:233.68ms
step:500/1695 train_time:116849ms step_avg:233.70ms
step:500/1695 val_loss:3.7307 train_time:117092ms step_avg:234.18ms
step:501/1695 train_time:117138ms step_avg:233.81ms
step:502/1695 train_time:117335ms step_avg:233.73ms
step:503/1695 train_time:117575ms step_avg:233.75ms
step:504/1695 train_time:117816ms step_avg:233.76ms
step:505/1695 train_time:118059ms step_avg:233.78ms
step:506/1695 train_time:118302ms step_avg:233.80ms
step:507/1695 train_time:118544ms step_avg:233.81ms
step:508/1695 train_time:118786ms step_avg:233.83ms
step:509/1695 train_time:119028ms step_avg:233.85ms
step:510/1695 train_time:119270ms step_avg:233.86ms
step:511/1695 train_time:119513ms step_avg:233.88ms
step:512/1695 train_time:119755ms step_avg:233.90ms
step:513/1695 train_time:119997ms step_avg:233.91ms
step:514/1695 train_time:120238ms step_avg:233.93ms
step:515/1695 train_time:120480ms step_avg:233.94ms
step:516/1695 train_time:120721ms step_avg:233.96ms
step:517/1695 train_time:120963ms step_avg:233.97ms
step:518/1695 train_time:121205ms step_avg:233.99ms
step:519/1695 train_time:121448ms step_avg:234.00ms
step:520/1695 train_time:121690ms step_avg:234.02ms
step:521/1695 train_time:121931ms step_avg:234.03ms
step:522/1695 train_time:122172ms step_avg:234.05ms
step:523/1695 train_time:122414ms step_avg:234.06ms
step:524/1695 train_time:122656ms step_avg:234.08ms
step:525/1695 train_time:122898ms step_avg:234.09ms
step:526/1695 train_time:123139ms step_avg:234.11ms
step:527/1695 train_time:123382ms step_avg:234.12ms
step:528/1695 train_time:123624ms step_avg:234.14ms
step:529/1695 train_time:123867ms step_avg:234.15ms
step:530/1695 train_time:124109ms step_avg:234.17ms
step:531/1695 train_time:124351ms step_avg:234.18ms
step:532/1695 train_time:124592ms step_avg:234.20ms
step:533/1695 train_time:124835ms step_avg:234.21ms
step:534/1695 train_time:125077ms step_avg:234.23ms
step:535/1695 train_time:125319ms step_avg:234.24ms
step:536/1695 train_time:125560ms step_avg:234.25ms
step:537/1695 train_time:125801ms step_avg:234.27ms
step:538/1695 train_time:126043ms step_avg:234.28ms
step:539/1695 train_time:126285ms step_avg:234.29ms
step:540/1695 train_time:126527ms step_avg:234.31ms
step:541/1695 train_time:126769ms step_avg:234.32ms
step:542/1695 train_time:127010ms step_avg:234.34ms
step:543/1695 train_time:127252ms step_avg:234.35ms
step:544/1695 train_time:127493ms step_avg:234.36ms
step:545/1695 train_time:127734ms step_avg:234.38ms
step:546/1695 train_time:127976ms step_avg:234.39ms
step:547/1695 train_time:128218ms step_avg:234.40ms
step:548/1695 train_time:128460ms step_avg:234.42ms
step:549/1695 train_time:128702ms step_avg:234.43ms
step:550/1695 train_time:128944ms step_avg:234.44ms
step:551/1695 train_time:129186ms step_avg:234.46ms
step:552/1695 train_time:129429ms step_avg:234.47ms
step:553/1695 train_time:129672ms step_avg:234.49ms
step:554/1695 train_time:129914ms step_avg:234.50ms
step:555/1695 train_time:130156ms step_avg:234.51ms
step:556/1695 train_time:130397ms step_avg:234.53ms
step:557/1695 train_time:130639ms step_avg:234.54ms
step:558/1695 train_time:130880ms step_avg:234.55ms
step:559/1695 train_time:131122ms step_avg:234.56ms
step:560/1695 train_time:131363ms step_avg:234.58ms
step:561/1695 train_time:131604ms step_avg:234.59ms
step:562/1695 train_time:131846ms step_avg:234.60ms
step:563/1695 train_time:132088ms step_avg:234.61ms
step:564/1695 train_time:132330ms step_avg:234.63ms
step:565/1695 train_time:132573ms step_avg:234.64ms
step:566/1695 train_time:132814ms step_avg:234.65ms
step:567/1695 train_time:133057ms step_avg:234.67ms
step:568/1695 train_time:133299ms step_avg:234.68ms
step:569/1695 train_time:133541ms step_avg:234.69ms
step:570/1695 train_time:133784ms step_avg:234.71ms
step:571/1695 train_time:134026ms step_avg:234.72ms
step:572/1695 train_time:134269ms step_avg:234.74ms
step:573/1695 train_time:134511ms step_avg:234.75ms
step:574/1695 train_time:134754ms step_avg:234.76ms
step:575/1695 train_time:134995ms step_avg:234.77ms
step:576/1695 train_time:135238ms step_avg:234.79ms
step:577/1695 train_time:135480ms step_avg:234.80ms
step:578/1695 train_time:135722ms step_avg:234.81ms
step:579/1695 train_time:135964ms step_avg:234.82ms
step:580/1695 train_time:136205ms step_avg:234.84ms
step:581/1695 train_time:136448ms step_avg:234.85ms
step:582/1695 train_time:136690ms step_avg:234.86ms
step:583/1695 train_time:136931ms step_avg:234.87ms
step:584/1695 train_time:137173ms step_avg:234.89ms
step:585/1695 train_time:137415ms step_avg:234.90ms
step:586/1695 train_time:137656ms step_avg:234.91ms
step:587/1695 train_time:137898ms step_avg:234.92ms
step:588/1695 train_time:138141ms step_avg:234.93ms
step:589/1695 train_time:138383ms step_avg:234.95ms
step:590/1695 train_time:138624ms step_avg:234.96ms
step:591/1695 train_time:138865ms step_avg:234.97ms
step:592/1695 train_time:139108ms step_avg:234.98ms
step:593/1695 train_time:139350ms step_avg:234.99ms
step:594/1695 train_time:139592ms step_avg:235.00ms
step:595/1695 train_time:139835ms step_avg:235.02ms
step:596/1695 train_time:140076ms step_avg:235.03ms
step:597/1695 train_time:140319ms step_avg:235.04ms
step:598/1695 train_time:140561ms step_avg:235.05ms
step:599/1695 train_time:140802ms step_avg:235.06ms
step:600/1695 train_time:141044ms step_avg:235.07ms
step:601/1695 train_time:141286ms step_avg:235.09ms
step:602/1695 train_time:141528ms step_avg:235.10ms
step:603/1695 train_time:141769ms step_avg:235.11ms
step:604/1695 train_time:142011ms step_avg:235.12ms
step:605/1695 train_time:142252ms step_avg:235.13ms
step:606/1695 train_time:142494ms step_avg:235.14ms
step:607/1695 train_time:142735ms step_avg:235.15ms
step:608/1695 train_time:142976ms step_avg:235.16ms
step:609/1695 train_time:143218ms step_avg:235.17ms
step:610/1695 train_time:143460ms step_avg:235.18ms
step:611/1695 train_time:143702ms step_avg:235.19ms
step:612/1695 train_time:143944ms step_avg:235.20ms
step:613/1695 train_time:144186ms step_avg:235.21ms
step:614/1695 train_time:144428ms step_avg:235.23ms
step:615/1695 train_time:144671ms step_avg:235.24ms
step:616/1695 train_time:144914ms step_avg:235.25ms
step:617/1695 train_time:145156ms step_avg:235.26ms
step:618/1695 train_time:145398ms step_avg:235.27ms
step:619/1695 train_time:145640ms step_avg:235.28ms
step:620/1695 train_time:145883ms step_avg:235.29ms
step:621/1695 train_time:146125ms step_avg:235.31ms
step:622/1695 train_time:146367ms step_avg:235.32ms
step:623/1695 train_time:146610ms step_avg:235.33ms
step:624/1695 train_time:146852ms step_avg:235.34ms
step:625/1695 train_time:147094ms step_avg:235.35ms
step:625/1695 val_loss:3.6455 train_time:147339ms step_avg:235.74ms
step:626/1695 train_time:147385ms step_avg:235.44ms
step:627/1695 train_time:147584ms step_avg:235.38ms
step:628/1695 train_time:147827ms step_avg:235.39ms
step:629/1695 train_time:148069ms step_avg:235.40ms
step:630/1695 train_time:148317ms step_avg:235.42ms
step:631/1695 train_time:148564ms step_avg:235.44ms
step:632/1695 train_time:148810ms step_avg:235.46ms
step:633/1695 train_time:149057ms step_avg:235.48ms
step:634/1695 train_time:149305ms step_avg:235.50ms
step:635/1695 train_time:149551ms step_avg:235.51ms
step:636/1695 train_time:149798ms step_avg:235.53ms
step:637/1695 train_time:150046ms step_avg:235.55ms
step:638/1695 train_time:150293ms step_avg:235.57ms
step:639/1695 train_time:150541ms step_avg:235.59ms
step:640/1695 train_time:150789ms step_avg:235.61ms
step:641/1695 train_time:151036ms step_avg:235.63ms
step:642/1695 train_time:151283ms step_avg:235.64ms
step:643/1695 train_time:151531ms step_avg:235.66ms
step:644/1695 train_time:151777ms step_avg:235.68ms
step:645/1695 train_time:152024ms step_avg:235.70ms
step:646/1695 train_time:152273ms step_avg:235.72ms
step:647/1695 train_time:152520ms step_avg:235.73ms
step:648/1695 train_time:152767ms step_avg:235.75ms
step:649/1695 train_time:153013ms step_avg:235.77ms
step:650/1695 train_time:153260ms step_avg:235.79ms
step:651/1695 train_time:153509ms step_avg:235.80ms
step:652/1695 train_time:153757ms step_avg:235.82ms
step:653/1695 train_time:154004ms step_avg:235.84ms
step:654/1695 train_time:154251ms step_avg:235.86ms
step:655/1695 train_time:154498ms step_avg:235.87ms
step:656/1695 train_time:154746ms step_avg:235.89ms
step:657/1695 train_time:154993ms step_avg:235.91ms
step:658/1695 train_time:155240ms step_avg:235.93ms
step:659/1695 train_time:155487ms step_avg:235.94ms
step:660/1695 train_time:155733ms step_avg:235.96ms
step:661/1695 train_time:155980ms step_avg:235.98ms
step:662/1695 train_time:156227ms step_avg:235.99ms
step:663/1695 train_time:156474ms step_avg:236.01ms
step:664/1695 train_time:156722ms step_avg:236.03ms
step:665/1695 train_time:156970ms step_avg:236.04ms
step:666/1695 train_time:157217ms step_avg:236.06ms
step:667/1695 train_time:157464ms step_avg:236.08ms
step:668/1695 train_time:157711ms step_avg:236.09ms
step:669/1695 train_time:157958ms step_avg:236.11ms
step:670/1695 train_time:158205ms step_avg:236.13ms
step:671/1695 train_time:158451ms step_avg:236.14ms
step:672/1695 train_time:158698ms step_avg:236.16ms
step:673/1695 train_time:158947ms step_avg:236.18ms
step:674/1695 train_time:159194ms step_avg:236.19ms
step:675/1695 train_time:159442ms step_avg:236.21ms
step:676/1695 train_time:159689ms step_avg:236.23ms
step:677/1695 train_time:159936ms step_avg:236.24ms
step:678/1695 train_time:160185ms step_avg:236.26ms
step:679/1695 train_time:160432ms step_avg:236.28ms
step:680/1695 train_time:160680ms step_avg:236.29ms
step:681/1695 train_time:160927ms step_avg:236.31ms
step:682/1695 train_time:161174ms step_avg:236.33ms
step:683/1695 train_time:161421ms step_avg:236.34ms
step:684/1695 train_time:161667ms step_avg:236.36ms
step:685/1695 train_time:161915ms step_avg:236.37ms
step:686/1695 train_time:162162ms step_avg:236.39ms
step:687/1695 train_time:162409ms step_avg:236.40ms
step:688/1695 train_time:162655ms step_avg:236.42ms
step:689/1695 train_time:162903ms step_avg:236.43ms
step:690/1695 train_time:163150ms step_avg:236.45ms
step:691/1695 train_time:163398ms step_avg:236.47ms
step:692/1695 train_time:163645ms step_avg:236.48ms
step:693/1695 train_time:163892ms step_avg:236.50ms
step:694/1695 train_time:164138ms step_avg:236.51ms
step:695/1695 train_time:164385ms step_avg:236.52ms
step:696/1695 train_time:164631ms step_avg:236.54ms
step:697/1695 train_time:164878ms step_avg:236.55ms
step:698/1695 train_time:165125ms step_avg:236.57ms
step:699/1695 train_time:165373ms step_avg:236.58ms
step:700/1695 train_time:165620ms step_avg:236.60ms
step:701/1695 train_time:165867ms step_avg:236.61ms
step:702/1695 train_time:166114ms step_avg:236.63ms
step:703/1695 train_time:166362ms step_avg:236.65ms
step:704/1695 train_time:166610ms step_avg:236.66ms
step:705/1695 train_time:166857ms step_avg:236.68ms
step:706/1695 train_time:167104ms step_avg:236.69ms
step:707/1695 train_time:167353ms step_avg:236.71ms
step:708/1695 train_time:167600ms step_avg:236.72ms
step:709/1695 train_time:167847ms step_avg:236.74ms
step:710/1695 train_time:168093ms step_avg:236.75ms
step:711/1695 train_time:168340ms step_avg:236.77ms
step:712/1695 train_time:168588ms step_avg:236.78ms
step:713/1695 train_time:168834ms step_avg:236.79ms
step:714/1695 train_time:169081ms step_avg:236.81ms
step:715/1695 train_time:169328ms step_avg:236.82ms
step:716/1695 train_time:169575ms step_avg:236.84ms
step:717/1695 train_time:169823ms step_avg:236.85ms
step:718/1695 train_time:170070ms step_avg:236.87ms
step:719/1695 train_time:170317ms step_avg:236.88ms
step:720/1695 train_time:170563ms step_avg:236.89ms
step:721/1695 train_time:170809ms step_avg:236.91ms
step:722/1695 train_time:171056ms step_avg:236.92ms
step:723/1695 train_time:171303ms step_avg:236.93ms
step:724/1695 train_time:171549ms step_avg:236.95ms
step:725/1695 train_time:171796ms step_avg:236.96ms
step:726/1695 train_time:172042ms step_avg:236.97ms
step:727/1695 train_time:172289ms step_avg:236.99ms
step:728/1695 train_time:172537ms step_avg:237.00ms
step:729/1695 train_time:172784ms step_avg:237.01ms
step:730/1695 train_time:173030ms step_avg:237.03ms
step:731/1695 train_time:173276ms step_avg:237.04ms
step:732/1695 train_time:173524ms step_avg:237.05ms
step:733/1695 train_time:173770ms step_avg:237.07ms
step:734/1695 train_time:174018ms step_avg:237.08ms
step:735/1695 train_time:174265ms step_avg:237.10ms
step:736/1695 train_time:174512ms step_avg:237.11ms
step:737/1695 train_time:174759ms step_avg:237.12ms
step:738/1695 train_time:175006ms step_avg:237.14ms
step:739/1695 train_time:175253ms step_avg:237.15ms
step:740/1695 train_time:175501ms step_avg:237.16ms
step:741/1695 train_time:175747ms step_avg:237.18ms
step:742/1695 train_time:175996ms step_avg:237.19ms
step:743/1695 train_time:176244ms step_avg:237.21ms
step:744/1695 train_time:176491ms step_avg:237.22ms
step:745/1695 train_time:176738ms step_avg:237.23ms
step:746/1695 train_time:176984ms step_avg:237.24ms
step:747/1695 train_time:177232ms step_avg:237.26ms
step:748/1695 train_time:177479ms step_avg:237.27ms
step:749/1695 train_time:177727ms step_avg:237.29ms
step:750/1695 train_time:177973ms step_avg:237.30ms
step:750/1695 val_loss:3.5820 train_time:178223ms step_avg:237.63ms
step:751/1695 train_time:178268ms step_avg:237.37ms
step:752/1695 train_time:178473ms step_avg:237.33ms
step:753/1695 train_time:178720ms step_avg:237.34ms
step:754/1695 train_time:178967ms step_avg:237.36ms
step:755/1695 train_time:179215ms step_avg:237.37ms
step:756/1695 train_time:179462ms step_avg:237.38ms
step:757/1695 train_time:179710ms step_avg:237.40ms
step:758/1695 train_time:179959ms step_avg:237.41ms
step:759/1695 train_time:180207ms step_avg:237.43ms
step:760/1695 train_time:180455ms step_avg:237.44ms
step:761/1695 train_time:180704ms step_avg:237.46ms
step:762/1695 train_time:180951ms step_avg:237.47ms
step:763/1695 train_time:181200ms step_avg:237.48ms
step:764/1695 train_time:181447ms step_avg:237.50ms
step:765/1695 train_time:181696ms step_avg:237.51ms
step:766/1695 train_time:181945ms step_avg:237.53ms
step:767/1695 train_time:182192ms step_avg:237.54ms
step:768/1695 train_time:182439ms step_avg:237.55ms
step:769/1695 train_time:182689ms step_avg:237.57ms
step:770/1695 train_time:182936ms step_avg:237.58ms
step:771/1695 train_time:183186ms step_avg:237.59ms
step:772/1695 train_time:183434ms step_avg:237.61ms
step:773/1695 train_time:183682ms step_avg:237.62ms
step:774/1695 train_time:183929ms step_avg:237.63ms
step:775/1695 train_time:184176ms step_avg:237.65ms
step:776/1695 train_time:184424ms step_avg:237.66ms
step:777/1695 train_time:184673ms step_avg:237.67ms
step:778/1695 train_time:184921ms step_avg:237.69ms
step:779/1695 train_time:185168ms step_avg:237.70ms
step:780/1695 train_time:185416ms step_avg:237.71ms
step:781/1695 train_time:185664ms step_avg:237.73ms
step:782/1695 train_time:185915ms step_avg:237.74ms
step:783/1695 train_time:186162ms step_avg:237.76ms
step:784/1695 train_time:186412ms step_avg:237.77ms
step:785/1695 train_time:186659ms step_avg:237.78ms
step:786/1695 train_time:186907ms step_avg:237.80ms
step:787/1695 train_time:187155ms step_avg:237.81ms
step:788/1695 train_time:187403ms step_avg:237.82ms
step:789/1695 train_time:187651ms step_avg:237.83ms
step:790/1695 train_time:187899ms step_avg:237.85ms
step:791/1695 train_time:188146ms step_avg:237.86ms
step:792/1695 train_time:188395ms step_avg:237.87ms
step:793/1695 train_time:188642ms step_avg:237.88ms
step:794/1695 train_time:188890ms step_avg:237.90ms
step:795/1695 train_time:189138ms step_avg:237.91ms
step:796/1695 train_time:189387ms step_avg:237.92ms
step:797/1695 train_time:189636ms step_avg:237.94ms
step:798/1695 train_time:189883ms step_avg:237.95ms
step:799/1695 train_time:190131ms step_avg:237.96ms
step:800/1695 train_time:190380ms step_avg:237.97ms
step:801/1695 train_time:190628ms step_avg:237.99ms
step:802/1695 train_time:190875ms step_avg:238.00ms
step:803/1695 train_time:191123ms step_avg:238.01ms
step:804/1695 train_time:191372ms step_avg:238.02ms
step:805/1695 train_time:191621ms step_avg:238.04ms
step:806/1695 train_time:191867ms step_avg:238.05ms
step:807/1695 train_time:192115ms step_avg:238.06ms
step:808/1695 train_time:192362ms step_avg:238.07ms
step:809/1695 train_time:192610ms step_avg:238.08ms
step:810/1695 train_time:192858ms step_avg:238.10ms
step:811/1695 train_time:193106ms step_avg:238.11ms
step:812/1695 train_time:193354ms step_avg:238.12ms
step:813/1695 train_time:193603ms step_avg:238.13ms
step:814/1695 train_time:193852ms step_avg:238.15ms
step:815/1695 train_time:194098ms step_avg:238.16ms
step:816/1695 train_time:194346ms step_avg:238.17ms
step:817/1695 train_time:194595ms step_avg:238.18ms
step:818/1695 train_time:194841ms step_avg:238.19ms
step:819/1695 train_time:195089ms step_avg:238.20ms
step:820/1695 train_time:195337ms step_avg:238.22ms
step:821/1695 train_time:195584ms step_avg:238.23ms
step:822/1695 train_time:195832ms step_avg:238.24ms
step:823/1695 train_time:196079ms step_avg:238.25ms
step:824/1695 train_time:196327ms step_avg:238.26ms
step:825/1695 train_time:196576ms step_avg:238.27ms
step:826/1695 train_time:196824ms step_avg:238.29ms
step:827/1695 train_time:197071ms step_avg:238.30ms
step:828/1695 train_time:197320ms step_avg:238.31ms
step:829/1695 train_time:197568ms step_avg:238.32ms
step:830/1695 train_time:197815ms step_avg:238.33ms
step:831/1695 train_time:198064ms step_avg:238.34ms
step:832/1695 train_time:198312ms step_avg:238.36ms
step:833/1695 train_time:198559ms step_avg:238.37ms
step:834/1695 train_time:198806ms step_avg:238.38ms
step:835/1695 train_time:199054ms step_avg:238.39ms
step:836/1695 train_time:199302ms step_avg:238.40ms
step:837/1695 train_time:199550ms step_avg:238.41ms
step:838/1695 train_time:199798ms step_avg:238.42ms
step:839/1695 train_time:200046ms step_avg:238.43ms
step:840/1695 train_time:200295ms step_avg:238.45ms
step:841/1695 train_time:200543ms step_avg:238.46ms
step:842/1695 train_time:200792ms step_avg:238.47ms
step:843/1695 train_time:201039ms step_avg:238.48ms
step:844/1695 train_time:201289ms step_avg:238.49ms
step:845/1695 train_time:201536ms step_avg:238.50ms
step:846/1695 train_time:201783ms step_avg:238.51ms
step:847/1695 train_time:202031ms step_avg:238.53ms
step:848/1695 train_time:202279ms step_avg:238.54ms
step:849/1695 train_time:202528ms step_avg:238.55ms
step:850/1695 train_time:202776ms step_avg:238.56ms
step:851/1695 train_time:203024ms step_avg:238.57ms
step:852/1695 train_time:203271ms step_avg:238.58ms
step:853/1695 train_time:203519ms step_avg:238.59ms
step:854/1695 train_time:203767ms step_avg:238.60ms
step:855/1695 train_time:204014ms step_avg:238.61ms
step:856/1695 train_time:204261ms step_avg:238.62ms
step:857/1695 train_time:204509ms step_avg:238.63ms
step:858/1695 train_time:204756ms step_avg:238.64ms
step:859/1695 train_time:205003ms step_avg:238.65ms
step:860/1695 train_time:205250ms step_avg:238.66ms
step:861/1695 train_time:205498ms step_avg:238.67ms
step:862/1695 train_time:205746ms step_avg:238.68ms
step:863/1695 train_time:205994ms step_avg:238.70ms
step:864/1695 train_time:206242ms step_avg:238.71ms
step:865/1695 train_time:206489ms step_avg:238.72ms
step:866/1695 train_time:206736ms step_avg:238.73ms
step:867/1695 train_time:206984ms step_avg:238.74ms
step:868/1695 train_time:207232ms step_avg:238.75ms
step:869/1695 train_time:207480ms step_avg:238.76ms
step:870/1695 train_time:207727ms step_avg:238.77ms
step:871/1695 train_time:207977ms step_avg:238.78ms
step:872/1695 train_time:208224ms step_avg:238.79ms
step:873/1695 train_time:208472ms step_avg:238.80ms
step:874/1695 train_time:208719ms step_avg:238.81ms
step:875/1695 train_time:208968ms step_avg:238.82ms
step:875/1695 val_loss:3.5342 train_time:209219ms step_avg:239.11ms
step:876/1695 train_time:209263ms step_avg:238.89ms
step:877/1695 train_time:209469ms step_avg:238.85ms
step:878/1695 train_time:209717ms step_avg:238.86ms
step:879/1695 train_time:209964ms step_avg:238.87ms
step:880/1695 train_time:210211ms step_avg:238.88ms
step:881/1695 train_time:210464ms step_avg:238.89ms
step:882/1695 train_time:210717ms step_avg:238.91ms
step:883/1695 train_time:210971ms step_avg:238.92ms
step:884/1695 train_time:211224ms step_avg:238.94ms
step:885/1695 train_time:211475ms step_avg:238.96ms
step:886/1695 train_time:211729ms step_avg:238.97ms
step:887/1695 train_time:211981ms step_avg:238.99ms
step:888/1695 train_time:212233ms step_avg:239.00ms
step:889/1695 train_time:212488ms step_avg:239.02ms
step:890/1695 train_time:212740ms step_avg:239.03ms
step:891/1695 train_time:212993ms step_avg:239.05ms
step:892/1695 train_time:213245ms step_avg:239.06ms
step:893/1695 train_time:213498ms step_avg:239.08ms
step:894/1695 train_time:213750ms step_avg:239.09ms
step:895/1695 train_time:214002ms step_avg:239.11ms
step:896/1695 train_time:214253ms step_avg:239.12ms
step:897/1695 train_time:214504ms step_avg:239.13ms
step:898/1695 train_time:214756ms step_avg:239.15ms
step:899/1695 train_time:215006ms step_avg:239.16ms
step:900/1695 train_time:215260ms step_avg:239.18ms
step:901/1695 train_time:215512ms step_avg:239.19ms
step:902/1695 train_time:215764ms step_avg:239.21ms
step:903/1695 train_time:216018ms step_avg:239.22ms
step:904/1695 train_time:216269ms step_avg:239.24ms
step:905/1695 train_time:216521ms step_avg:239.25ms
step:906/1695 train_time:216773ms step_avg:239.26ms
step:907/1695 train_time:217025ms step_avg:239.28ms
step:908/1695 train_time:217276ms step_avg:239.29ms
step:909/1695 train_time:217528ms step_avg:239.31ms
step:910/1695 train_time:217780ms step_avg:239.32ms
step:911/1695 train_time:218032ms step_avg:239.33ms
step:912/1695 train_time:218282ms step_avg:239.34ms
step:913/1695 train_time:218534ms step_avg:239.36ms
step:914/1695 train_time:218786ms step_avg:239.37ms
step:915/1695 train_time:219038ms step_avg:239.39ms
step:916/1695 train_time:219291ms step_avg:239.40ms
step:917/1695 train_time:219544ms step_avg:239.42ms
step:918/1695 train_time:219796ms step_avg:239.43ms
step:919/1695 train_time:220049ms step_avg:239.44ms
step:920/1695 train_time:220303ms step_avg:239.46ms
step:921/1695 train_time:220555ms step_avg:239.47ms
step:922/1695 train_time:220808ms step_avg:239.49ms
step:923/1695 train_time:221059ms step_avg:239.50ms
step:924/1695 train_time:221311ms step_avg:239.51ms
step:925/1695 train_time:221562ms step_avg:239.53ms
step:926/1695 train_time:221816ms step_avg:239.54ms
step:927/1695 train_time:222066ms step_avg:239.55ms
step:928/1695 train_time:222317ms step_avg:239.57ms
step:929/1695 train_time:222569ms step_avg:239.58ms
step:930/1695 train_time:222822ms step_avg:239.59ms
step:931/1695 train_time:223076ms step_avg:239.61ms
step:932/1695 train_time:223328ms step_avg:239.62ms
step:933/1695 train_time:223581ms step_avg:239.64ms
step:934/1695 train_time:223832ms step_avg:239.65ms
step:935/1695 train_time:224087ms step_avg:239.67ms
step:936/1695 train_time:224340ms step_avg:239.68ms
step:937/1695 train_time:224594ms step_avg:239.70ms
step:938/1695 train_time:224847ms step_avg:239.71ms
step:939/1695 train_time:225101ms step_avg:239.72ms
step:940/1695 train_time:225352ms step_avg:239.74ms
step:941/1695 train_time:225607ms step_avg:239.75ms
step:942/1695 train_time:225860ms step_avg:239.77ms
step:943/1695 train_time:226114ms step_avg:239.78ms
step:944/1695 train_time:226366ms step_avg:239.79ms
step:945/1695 train_time:226616ms step_avg:239.81ms
step:946/1695 train_time:226868ms step_avg:239.82ms
step:947/1695 train_time:227121ms step_avg:239.83ms
step:948/1695 train_time:227373ms step_avg:239.85ms
step:949/1695 train_time:227626ms step_avg:239.86ms
step:950/1695 train_time:227881ms step_avg:239.87ms
step:951/1695 train_time:228133ms step_avg:239.89ms
step:952/1695 train_time:228385ms step_avg:239.90ms
step:953/1695 train_time:228637ms step_avg:239.91ms
step:954/1695 train_time:228889ms step_avg:239.93ms
step:955/1695 train_time:229142ms step_avg:239.94ms
step:956/1695 train_time:229394ms step_avg:239.95ms
step:957/1695 train_time:229645ms step_avg:239.96ms
step:958/1695 train_time:229897ms step_avg:239.98ms
step:959/1695 train_time:230148ms step_avg:239.99ms
step:960/1695 train_time:230406ms step_avg:240.01ms
step:961/1695 train_time:230659ms step_avg:240.02ms
step:962/1695 train_time:230912ms step_avg:240.03ms
step:963/1695 train_time:231165ms step_avg:240.05ms
step:964/1695 train_time:231418ms step_avg:240.06ms
step:965/1695 train_time:231670ms step_avg:240.07ms
step:966/1695 train_time:231922ms step_avg:240.09ms
step:967/1695 train_time:232174ms step_avg:240.10ms
step:968/1695 train_time:232426ms step_avg:240.11ms
step:969/1695 train_time:232681ms step_avg:240.12ms
step:970/1695 train_time:232933ms step_avg:240.14ms
step:971/1695 train_time:233185ms step_avg:240.15ms
step:972/1695 train_time:233436ms step_avg:240.16ms
step:973/1695 train_time:233690ms step_avg:240.17ms
step:974/1695 train_time:233941ms step_avg:240.19ms
step:975/1695 train_time:234192ms step_avg:240.20ms
step:976/1695 train_time:234444ms step_avg:240.21ms
step:977/1695 train_time:234696ms step_avg:240.22ms
step:978/1695 train_time:234948ms step_avg:240.23ms
step:979/1695 train_time:235201ms step_avg:240.25ms
step:980/1695 train_time:235452ms step_avg:240.26ms
step:981/1695 train_time:235704ms step_avg:240.27ms
step:982/1695 train_time:235955ms step_avg:240.28ms
step:983/1695 train_time:236210ms step_avg:240.30ms
step:984/1695 train_time:236462ms step_avg:240.31ms
step:985/1695 train_time:236714ms step_avg:240.32ms
step:986/1695 train_time:236966ms step_avg:240.33ms
step:987/1695 train_time:237220ms step_avg:240.34ms
step:988/1695 train_time:237471ms step_avg:240.36ms
step:989/1695 train_time:237723ms step_avg:240.37ms
step:990/1695 train_time:237976ms step_avg:240.38ms
step:991/1695 train_time:238229ms step_avg:240.39ms
step:992/1695 train_time:238480ms step_avg:240.40ms
step:993/1695 train_time:238733ms step_avg:240.42ms
step:994/1695 train_time:238984ms step_avg:240.43ms
step:995/1695 train_time:239236ms step_avg:240.44ms
step:996/1695 train_time:239493ms step_avg:240.46ms
step:997/1695 train_time:239745ms step_avg:240.47ms
step:998/1695 train_time:239996ms step_avg:240.48ms
step:999/1695 train_time:240248ms step_avg:240.49ms
step:1000/1695 train_time:240502ms step_avg:240.50ms
step:1000/1695 val_loss:3.4888 train_time:240758ms step_avg:240.76ms
step:1001/1695 train_time:240805ms step_avg:240.56ms
step:1002/1695 train_time:241013ms step_avg:240.53ms
step:1003/1695 train_time:241264ms step_avg:240.54ms
step:1004/1695 train_time:241517ms step_avg:240.56ms
step:1005/1695 train_time:241770ms step_avg:240.57ms
step:1006/1695 train_time:242022ms step_avg:240.58ms
step:1007/1695 train_time:242275ms step_avg:240.59ms
step:1008/1695 train_time:242526ms step_avg:240.60ms
step:1009/1695 train_time:242778ms step_avg:240.61ms
step:1010/1695 train_time:243032ms step_avg:240.63ms
step:1011/1695 train_time:243283ms step_avg:240.64ms
step:1012/1695 train_time:243539ms step_avg:240.65ms
step:1013/1695 train_time:243793ms step_avg:240.66ms
step:1014/1695 train_time:244047ms step_avg:240.68ms
step:1015/1695 train_time:244300ms step_avg:240.69ms
step:1016/1695 train_time:244553ms step_avg:240.70ms
step:1017/1695 train_time:244807ms step_avg:240.72ms
step:1018/1695 train_time:245059ms step_avg:240.73ms
step:1019/1695 train_time:245311ms step_avg:240.74ms
step:1020/1695 train_time:245565ms step_avg:240.75ms
step:1021/1695 train_time:245818ms step_avg:240.76ms
step:1022/1695 train_time:246070ms step_avg:240.77ms
step:1023/1695 train_time:246322ms step_avg:240.78ms
step:1024/1695 train_time:246582ms step_avg:240.80ms
step:1025/1695 train_time:246835ms step_avg:240.81ms
step:1026/1695 train_time:247090ms step_avg:240.83ms
step:1027/1695 train_time:247343ms step_avg:240.84ms
step:1028/1695 train_time:247597ms step_avg:240.85ms
step:1029/1695 train_time:247854ms step_avg:240.87ms
step:1030/1695 train_time:248106ms step_avg:240.88ms
step:1031/1695 train_time:248360ms step_avg:240.89ms
step:1032/1695 train_time:248612ms step_avg:240.90ms
step:1033/1695 train_time:248865ms step_avg:240.92ms
step:1034/1695 train_time:249117ms step_avg:240.93ms
step:1035/1695 train_time:249369ms step_avg:240.94ms
step:1036/1695 train_time:249623ms step_avg:240.95ms
step:1037/1695 train_time:249876ms step_avg:240.96ms
step:1038/1695 train_time:250131ms step_avg:240.97ms
step:1039/1695 train_time:250383ms step_avg:240.99ms
step:1040/1695 train_time:250637ms step_avg:241.00ms
step:1041/1695 train_time:250889ms step_avg:241.01ms
step:1042/1695 train_time:251141ms step_avg:241.02ms
step:1043/1695 train_time:251395ms step_avg:241.03ms
step:1044/1695 train_time:251647ms step_avg:241.04ms
step:1045/1695 train_time:251900ms step_avg:241.05ms
step:1046/1695 train_time:252156ms step_avg:241.07ms
step:1047/1695 train_time:252408ms step_avg:241.08ms
step:1048/1695 train_time:252661ms step_avg:241.09ms
step:1049/1695 train_time:252914ms step_avg:241.10ms
step:1050/1695 train_time:253168ms step_avg:241.11ms
step:1051/1695 train_time:253422ms step_avg:241.12ms
step:1052/1695 train_time:253674ms step_avg:241.14ms
step:1053/1695 train_time:253927ms step_avg:241.15ms
step:1054/1695 train_time:254180ms step_avg:241.16ms
step:1055/1695 train_time:254432ms step_avg:241.17ms
step:1056/1695 train_time:254687ms step_avg:241.18ms
step:1057/1695 train_time:254940ms step_avg:241.19ms
step:1058/1695 train_time:255192ms step_avg:241.20ms
step:1059/1695 train_time:255447ms step_avg:241.22ms
step:1060/1695 train_time:255698ms step_avg:241.22ms
step:1061/1695 train_time:255950ms step_avg:241.23ms
step:1062/1695 train_time:256202ms step_avg:241.25ms
step:1063/1695 train_time:256454ms step_avg:241.26ms
step:1064/1695 train_time:256708ms step_avg:241.27ms
step:1065/1695 train_time:256960ms step_avg:241.28ms
step:1066/1695 train_time:257214ms step_avg:241.29ms
step:1067/1695 train_time:257468ms step_avg:241.30ms
step:1068/1695 train_time:257720ms step_avg:241.31ms
step:1069/1695 train_time:257974ms step_avg:241.32ms
step:1070/1695 train_time:258230ms step_avg:241.34ms
step:1071/1695 train_time:258483ms step_avg:241.35ms
step:1072/1695 train_time:258741ms step_avg:241.36ms
step:1073/1695 train_time:258993ms step_avg:241.37ms
step:1074/1695 train_time:259245ms step_avg:241.38ms
step:1075/1695 train_time:259499ms step_avg:241.39ms
step:1076/1695 train_time:259751ms step_avg:241.40ms
step:1077/1695 train_time:260004ms step_avg:241.42ms
step:1078/1695 train_time:260256ms step_avg:241.42ms
step:1079/1695 train_time:260510ms step_avg:241.44ms
step:1080/1695 train_time:260762ms step_avg:241.45ms
step:1081/1695 train_time:261014ms step_avg:241.46ms
step:1082/1695 train_time:261267ms step_avg:241.47ms
step:1083/1695 train_time:261518ms step_avg:241.48ms
step:1084/1695 train_time:261774ms step_avg:241.49ms
step:1085/1695 train_time:262025ms step_avg:241.50ms
step:1086/1695 train_time:262278ms step_avg:241.51ms
step:1087/1695 train_time:262529ms step_avg:241.52ms
step:1088/1695 train_time:262783ms step_avg:241.53ms
step:1089/1695 train_time:263036ms step_avg:241.54ms
step:1090/1695 train_time:263288ms step_avg:241.55ms
step:1091/1695 train_time:263540ms step_avg:241.56ms
step:1092/1695 train_time:263795ms step_avg:241.57ms
step:1093/1695 train_time:264046ms step_avg:241.58ms
step:1094/1695 train_time:264299ms step_avg:241.59ms
step:1095/1695 train_time:264551ms step_avg:241.60ms
step:1096/1695 train_time:264805ms step_avg:241.61ms
step:1097/1695 train_time:265059ms step_avg:241.62ms
step:1098/1695 train_time:265314ms step_avg:241.63ms
step:1099/1695 train_time:265566ms step_avg:241.64ms
step:1100/1695 train_time:265818ms step_avg:241.65ms
step:1101/1695 train_time:266070ms step_avg:241.66ms
step:1102/1695 train_time:266323ms step_avg:241.67ms
step:1103/1695 train_time:266573ms step_avg:241.68ms
step:1104/1695 train_time:266827ms step_avg:241.69ms
step:1105/1695 train_time:267081ms step_avg:241.70ms
step:1106/1695 train_time:267334ms step_avg:241.71ms
step:1107/1695 train_time:267587ms step_avg:241.72ms
step:1108/1695 train_time:267840ms step_avg:241.73ms
step:1109/1695 train_time:268091ms step_avg:241.74ms
step:1110/1695 train_time:268346ms step_avg:241.75ms
step:1111/1695 train_time:268597ms step_avg:241.76ms
step:1112/1695 train_time:268850ms step_avg:241.77ms
step:1113/1695 train_time:269104ms step_avg:241.78ms
step:1114/1695 train_time:269357ms step_avg:241.79ms
step:1115/1695 train_time:269610ms step_avg:241.80ms
step:1116/1695 train_time:269863ms step_avg:241.81ms
step:1117/1695 train_time:270118ms step_avg:241.82ms
step:1118/1695 train_time:270370ms step_avg:241.83ms
step:1119/1695 train_time:270624ms step_avg:241.84ms
step:1120/1695 train_time:270878ms step_avg:241.86ms
step:1121/1695 train_time:271136ms step_avg:241.87ms
step:1122/1695 train_time:271388ms step_avg:241.88ms
step:1123/1695 train_time:271641ms step_avg:241.89ms
step:1124/1695 train_time:271894ms step_avg:241.90ms
step:1125/1695 train_time:272146ms step_avg:241.91ms
step:1125/1695 val_loss:3.4403 train_time:272400ms step_avg:242.13ms
step:1126/1695 train_time:272449ms step_avg:241.96ms
step:1127/1695 train_time:272657ms step_avg:241.93ms
step:1128/1695 train_time:272910ms step_avg:241.94ms
step:1129/1695 train_time:273163ms step_avg:241.95ms
step:1130/1695 train_time:273415ms step_avg:241.96ms
step:1131/1695 train_time:273667ms step_avg:241.97ms
step:1132/1695 train_time:273922ms step_avg:241.98ms
step:1133/1695 train_time:274181ms step_avg:242.00ms
step:1134/1695 train_time:274440ms step_avg:242.01ms
step:1135/1695 train_time:274695ms step_avg:242.02ms
step:1136/1695 train_time:274950ms step_avg:242.03ms
step:1137/1695 train_time:275205ms step_avg:242.04ms
step:1138/1695 train_time:275463ms step_avg:242.06ms
step:1139/1695 train_time:275722ms step_avg:242.07ms
step:1140/1695 train_time:275979ms step_avg:242.09ms
step:1141/1695 train_time:276235ms step_avg:242.10ms
step:1142/1695 train_time:276490ms step_avg:242.11ms
step:1143/1695 train_time:276745ms step_avg:242.12ms
step:1144/1695 train_time:277002ms step_avg:242.13ms
step:1145/1695 train_time:277260ms step_avg:242.15ms
step:1146/1695 train_time:277513ms step_avg:242.16ms
step:1147/1695 train_time:277769ms step_avg:242.17ms
step:1148/1695 train_time:278025ms step_avg:242.18ms
step:1149/1695 train_time:278283ms step_avg:242.20ms
step:1150/1695 train_time:278541ms step_avg:242.21ms
step:1151/1695 train_time:278797ms step_avg:242.22ms
step:1152/1695 train_time:279057ms step_avg:242.24ms
step:1153/1695 train_time:279312ms step_avg:242.25ms
step:1154/1695 train_time:279569ms step_avg:242.26ms
step:1155/1695 train_time:279825ms step_avg:242.27ms
step:1156/1695 train_time:280085ms step_avg:242.29ms
step:1157/1695 train_time:280343ms step_avg:242.30ms
step:1158/1695 train_time:280599ms step_avg:242.31ms
step:1159/1695 train_time:280855ms step_avg:242.32ms
step:1160/1695 train_time:281111ms step_avg:242.34ms
step:1161/1695 train_time:281368ms step_avg:242.35ms
step:1162/1695 train_time:281623ms step_avg:242.36ms
step:1163/1695 train_time:281888ms step_avg:242.38ms
step:1164/1695 train_time:282147ms step_avg:242.39ms
step:1165/1695 train_time:282404ms step_avg:242.41ms
step:1166/1695 train_time:282664ms step_avg:242.42ms
step:1167/1695 train_time:282921ms step_avg:242.43ms
step:1168/1695 train_time:283181ms step_avg:242.45ms
step:1169/1695 train_time:283436ms step_avg:242.46ms
step:1170/1695 train_time:283692ms step_avg:242.47ms
step:1171/1695 train_time:283948ms step_avg:242.48ms
step:1172/1695 train_time:284210ms step_avg:242.50ms
step:1173/1695 train_time:284467ms step_avg:242.51ms
step:1174/1695 train_time:284726ms step_avg:242.53ms
step:1175/1695 train_time:284983ms step_avg:242.54ms
step:1176/1695 train_time:285242ms step_avg:242.55ms
step:1177/1695 train_time:285499ms step_avg:242.57ms
step:1178/1695 train_time:285755ms step_avg:242.58ms
step:1179/1695 train_time:286023ms step_avg:242.60ms
step:1180/1695 train_time:286278ms step_avg:242.61ms
step:1181/1695 train_time:286535ms step_avg:242.62ms
step:1182/1695 train_time:286791ms step_avg:242.63ms
step:1183/1695 train_time:287048ms step_avg:242.64ms
step:1184/1695 train_time:287309ms step_avg:242.66ms
step:1185/1695 train_time:287567ms step_avg:242.67ms
step:1186/1695 train_time:287824ms step_avg:242.68ms
step:1187/1695 train_time:288080ms step_avg:242.70ms
step:1188/1695 train_time:288340ms step_avg:242.71ms
step:1189/1695 train_time:288595ms step_avg:242.72ms
step:1190/1695 train_time:288850ms step_avg:242.73ms
step:1191/1695 train_time:289108ms step_avg:242.74ms
step:1192/1695 train_time:289366ms step_avg:242.76ms
step:1193/1695 train_time:289622ms step_avg:242.77ms
step:1194/1695 train_time:289878ms step_avg:242.78ms
step:1195/1695 train_time:290133ms step_avg:242.79ms
step:1196/1695 train_time:290388ms step_avg:242.80ms
step:1197/1695 train_time:290648ms step_avg:242.81ms
step:1198/1695 train_time:290906ms step_avg:242.83ms
step:1199/1695 train_time:291165ms step_avg:242.84ms
step:1200/1695 train_time:291419ms step_avg:242.85ms
step:1201/1695 train_time:291675ms step_avg:242.86ms
step:1202/1695 train_time:291933ms step_avg:242.87ms
step:1203/1695 train_time:292189ms step_avg:242.88ms
step:1204/1695 train_time:292445ms step_avg:242.89ms
step:1205/1695 train_time:292700ms step_avg:242.90ms
step:1206/1695 train_time:292960ms step_avg:242.92ms
step:1207/1695 train_time:293220ms step_avg:242.93ms
step:1208/1695 train_time:293475ms step_avg:242.94ms
step:1209/1695 train_time:293733ms step_avg:242.96ms
step:1210/1695 train_time:293988ms step_avg:242.97ms
step:1211/1695 train_time:294245ms step_avg:242.98ms
step:1212/1695 train_time:294501ms step_avg:242.99ms
step:1213/1695 train_time:294757ms step_avg:243.00ms
step:1214/1695 train_time:295012ms step_avg:243.01ms
step:1215/1695 train_time:295269ms step_avg:243.02ms
step:1216/1695 train_time:295532ms step_avg:243.04ms
step:1217/1695 train_time:295790ms step_avg:243.05ms
step:1218/1695 train_time:296046ms step_avg:243.06ms
step:1219/1695 train_time:296303ms step_avg:243.07ms
step:1220/1695 train_time:296560ms step_avg:243.08ms
step:1221/1695 train_time:296819ms step_avg:243.10ms
step:1222/1695 train_time:297077ms step_avg:243.11ms
step:1223/1695 train_time:297334ms step_avg:243.12ms
step:1224/1695 train_time:297592ms step_avg:243.13ms
step:1225/1695 train_time:297848ms step_avg:243.14ms
step:1226/1695 train_time:298104ms step_avg:243.15ms
step:1227/1695 train_time:298362ms step_avg:243.16ms
step:1228/1695 train_time:298618ms step_avg:243.17ms
step:1229/1695 train_time:298874ms step_avg:243.18ms
step:1230/1695 train_time:299129ms step_avg:243.19ms
step:1231/1695 train_time:299388ms step_avg:243.21ms
step:1232/1695 train_time:299645ms step_avg:243.22ms
step:1233/1695 train_time:299900ms step_avg:243.23ms
step:1234/1695 train_time:300165ms step_avg:243.25ms
step:1235/1695 train_time:300422ms step_avg:243.26ms
step:1236/1695 train_time:300680ms step_avg:243.27ms
step:1237/1695 train_time:300937ms step_avg:243.28ms
step:1238/1695 train_time:301194ms step_avg:243.29ms
step:1239/1695 train_time:301453ms step_avg:243.30ms
step:1240/1695 train_time:301708ms step_avg:243.31ms
step:1241/1695 train_time:301975ms step_avg:243.33ms
step:1242/1695 train_time:302234ms step_avg:243.34ms
step:1243/1695 train_time:302491ms step_avg:243.36ms
step:1244/1695 train_time:302747ms step_avg:243.37ms
step:1245/1695 train_time:303002ms step_avg:243.38ms
step:1246/1695 train_time:303263ms step_avg:243.39ms
step:1247/1695 train_time:303521ms step_avg:243.40ms
step:1248/1695 train_time:303779ms step_avg:243.41ms
step:1249/1695 train_time:304036ms step_avg:243.42ms
step:1250/1695 train_time:304293ms step_avg:243.43ms
step:1250/1695 val_loss:3.3937 train_time:304552ms step_avg:243.64ms
step:1251/1695 train_time:304597ms step_avg:243.48ms
step:1252/1695 train_time:304811ms step_avg:243.46ms
step:1253/1695 train_time:305069ms step_avg:243.47ms
step:1254/1695 train_time:305324ms step_avg:243.48ms
step:1255/1695 train_time:305580ms step_avg:243.49ms
step:1256/1695 train_time:305838ms step_avg:243.50ms
step:1257/1695 train_time:306093ms step_avg:243.51ms
step:1258/1695 train_time:306351ms step_avg:243.52ms
step:1259/1695 train_time:306606ms step_avg:243.53ms
step:1260/1695 train_time:306862ms step_avg:243.54ms
step:1261/1695 train_time:307117ms step_avg:243.55ms
step:1262/1695 train_time:307376ms step_avg:243.56ms
step:1263/1695 train_time:307631ms step_avg:243.57ms
step:1264/1695 train_time:307887ms step_avg:243.58ms
step:1265/1695 train_time:308143ms step_avg:243.59ms
step:1266/1695 train_time:308397ms step_avg:243.60ms
step:1267/1695 train_time:308656ms step_avg:243.61ms
step:1268/1695 train_time:308912ms step_avg:243.62ms
step:1269/1695 train_time:309168ms step_avg:243.63ms
step:1270/1695 train_time:309423ms step_avg:243.64ms
step:1271/1695 train_time:309685ms step_avg:243.65ms
step:1272/1695 train_time:309939ms step_avg:243.66ms
step:1273/1695 train_time:310197ms step_avg:243.67ms
step:1274/1695 train_time:310452ms step_avg:243.68ms
step:1275/1695 train_time:310709ms step_avg:243.69ms
step:1276/1695 train_time:310972ms step_avg:243.71ms
step:1277/1695 train_time:311229ms step_avg:243.72ms
step:1278/1695 train_time:311487ms step_avg:243.73ms
step:1279/1695 train_time:311746ms step_avg:243.74ms
step:1280/1695 train_time:312001ms step_avg:243.75ms
step:1281/1695 train_time:312261ms step_avg:243.76ms
step:1282/1695 train_time:312517ms step_avg:243.77ms
step:1283/1695 train_time:312772ms step_avg:243.78ms
step:1284/1695 train_time:313029ms step_avg:243.79ms
step:1285/1695 train_time:313285ms step_avg:243.80ms
step:1286/1695 train_time:313540ms step_avg:243.81ms
step:1287/1695 train_time:313798ms step_avg:243.82ms
step:1288/1695 train_time:314055ms step_avg:243.83ms
step:1289/1695 train_time:314311ms step_avg:243.84ms
step:1290/1695 train_time:314567ms step_avg:243.85ms
step:1291/1695 train_time:314829ms step_avg:243.86ms
step:1292/1695 train_time:315087ms step_avg:243.88ms
step:1293/1695 train_time:315345ms step_avg:243.89ms
step:1294/1695 train_time:315605ms step_avg:243.90ms
step:1295/1695 train_time:315865ms step_avg:243.91ms
step:1296/1695 train_time:316122ms step_avg:243.92ms
step:1297/1695 train_time:316377ms step_avg:243.93ms
step:1298/1695 train_time:316634ms step_avg:243.94ms
step:1299/1695 train_time:316892ms step_avg:243.95ms
step:1300/1695 train_time:317151ms step_avg:243.96ms
step:1301/1695 train_time:317407ms step_avg:243.97ms
step:1302/1695 train_time:317664ms step_avg:243.98ms
step:1303/1695 train_time:317921ms step_avg:243.99ms
step:1304/1695 train_time:318179ms step_avg:244.00ms
step:1305/1695 train_time:318436ms step_avg:244.01ms
step:1306/1695 train_time:318692ms step_avg:244.02ms
step:1307/1695 train_time:318948ms step_avg:244.03ms
step:1308/1695 train_time:319203ms step_avg:244.04ms
step:1309/1695 train_time:319463ms step_avg:244.05ms
step:1310/1695 train_time:319721ms step_avg:244.06ms
step:1311/1695 train_time:319983ms step_avg:244.08ms
step:1312/1695 train_time:320238ms step_avg:244.08ms
step:1313/1695 train_time:320499ms step_avg:244.10ms
step:1314/1695 train_time:320753ms step_avg:244.10ms
step:1315/1695 train_time:321010ms step_avg:244.11ms
step:1316/1695 train_time:321268ms step_avg:244.12ms
step:1317/1695 train_time:321521ms step_avg:244.13ms
step:1318/1695 train_time:321779ms step_avg:244.14ms
step:1319/1695 train_time:322036ms step_avg:244.15ms
step:1320/1695 train_time:322294ms step_avg:244.16ms
step:1321/1695 train_time:322557ms step_avg:244.18ms
step:1322/1695 train_time:322817ms step_avg:244.19ms
step:1323/1695 train_time:323072ms step_avg:244.20ms
step:1324/1695 train_time:323333ms step_avg:244.21ms
step:1325/1695 train_time:323595ms step_avg:244.22ms
step:1326/1695 train_time:323854ms step_avg:244.23ms
step:1327/1695 train_time:324115ms step_avg:244.25ms
step:1328/1695 train_time:324370ms step_avg:244.25ms
step:1329/1695 train_time:324627ms step_avg:244.26ms
step:1330/1695 train_time:324882ms step_avg:244.27ms
step:1331/1695 train_time:325139ms step_avg:244.28ms
step:1332/1695 train_time:325395ms step_avg:244.29ms
step:1333/1695 train_time:325657ms step_avg:244.30ms
step:1334/1695 train_time:325912ms step_avg:244.31ms
step:1335/1695 train_time:326169ms step_avg:244.32ms
step:1336/1695 train_time:326429ms step_avg:244.33ms
step:1337/1695 train_time:326685ms step_avg:244.34ms
step:1338/1695 train_time:326942ms step_avg:244.35ms
step:1339/1695 train_time:327198ms step_avg:244.36ms
step:1340/1695 train_time:327455ms step_avg:244.37ms
step:1341/1695 train_time:327714ms step_avg:244.38ms
step:1342/1695 train_time:327971ms step_avg:244.39ms
step:1343/1695 train_time:328227ms step_avg:244.40ms
step:1344/1695 train_time:328490ms step_avg:244.41ms
step:1345/1695 train_time:328746ms step_avg:244.42ms
step:1346/1695 train_time:329007ms step_avg:244.43ms
step:1347/1695 train_time:329267ms step_avg:244.44ms
step:1348/1695 train_time:329523ms step_avg:244.45ms
step:1349/1695 train_time:329780ms step_avg:244.46ms
step:1350/1695 train_time:330041ms step_avg:244.47ms
step:1351/1695 train_time:330296ms step_avg:244.48ms
step:1352/1695 train_time:330553ms step_avg:244.49ms
step:1353/1695 train_time:330808ms step_avg:244.50ms
step:1354/1695 train_time:331066ms step_avg:244.51ms
step:1355/1695 train_time:331323ms step_avg:244.52ms
step:1356/1695 train_time:331578ms step_avg:244.53ms
step:1357/1695 train_time:331833ms step_avg:244.53ms
step:1358/1695 train_time:332090ms step_avg:244.54ms
step:1359/1695 train_time:332345ms step_avg:244.55ms
step:1360/1695 train_time:332602ms step_avg:244.56ms
step:1361/1695 train_time:332861ms step_avg:244.57ms
step:1362/1695 train_time:333115ms step_avg:244.58ms
step:1363/1695 train_time:333377ms step_avg:244.59ms
step:1364/1695 train_time:333636ms step_avg:244.60ms
step:1365/1695 train_time:333898ms step_avg:244.61ms
step:1366/1695 train_time:334153ms step_avg:244.62ms
step:1367/1695 train_time:334409ms step_avg:244.63ms
step:1368/1695 train_time:334666ms step_avg:244.64ms
step:1369/1695 train_time:334922ms step_avg:244.65ms
step:1370/1695 train_time:335176ms step_avg:244.65ms
step:1371/1695 train_time:335435ms step_avg:244.66ms
step:1372/1695 train_time:335691ms step_avg:244.67ms
step:1373/1695 train_time:335950ms step_avg:244.68ms
step:1374/1695 train_time:336207ms step_avg:244.69ms
step:1375/1695 train_time:336463ms step_avg:244.70ms
step:1375/1695 val_loss:3.3532 train_time:336722ms step_avg:244.89ms
step:1376/1695 train_time:336768ms step_avg:244.74ms
step:1377/1695 train_time:336987ms step_avg:244.73ms
step:1378/1695 train_time:337245ms step_avg:244.74ms
step:1379/1695 train_time:337501ms step_avg:244.74ms
step:1380/1695 train_time:337767ms step_avg:244.76ms
step:1381/1695 train_time:338025ms step_avg:244.77ms
step:1382/1695 train_time:338280ms step_avg:244.78ms
step:1383/1695 train_time:338535ms step_avg:244.78ms
step:1384/1695 train_time:338793ms step_avg:244.79ms
step:1385/1695 train_time:339055ms step_avg:244.81ms
step:1386/1695 train_time:339317ms step_avg:244.82ms
step:1387/1695 train_time:339577ms step_avg:244.83ms
step:1388/1695 train_time:339835ms step_avg:244.84ms
step:1389/1695 train_time:340094ms step_avg:244.85ms
step:1390/1695 train_time:340353ms step_avg:244.86ms
step:1391/1695 train_time:340615ms step_avg:244.87ms
step:1392/1695 train_time:340878ms step_avg:244.88ms
step:1393/1695 train_time:341139ms step_avg:244.90ms
step:1394/1695 train_time:341397ms step_avg:244.90ms
step:1395/1695 train_time:341661ms step_avg:244.92ms
step:1396/1695 train_time:341921ms step_avg:244.93ms
step:1397/1695 train_time:342186ms step_avg:244.94ms
step:1398/1695 train_time:342447ms step_avg:244.96ms
step:1399/1695 train_time:342708ms step_avg:244.97ms
step:1400/1695 train_time:342971ms step_avg:244.98ms
step:1401/1695 train_time:343231ms step_avg:244.99ms
step:1402/1695 train_time:343493ms step_avg:245.00ms
step:1403/1695 train_time:343758ms step_avg:245.02ms
step:1404/1695 train_time:344021ms step_avg:245.03ms
step:1405/1695 train_time:344283ms step_avg:245.04ms
step:1406/1695 train_time:344543ms step_avg:245.05ms
step:1407/1695 train_time:344804ms step_avg:245.06ms
step:1408/1695 train_time:345066ms step_avg:245.08ms
step:1409/1695 train_time:345332ms step_avg:245.09ms
step:1410/1695 train_time:345593ms step_avg:245.10ms
step:1411/1695 train_time:345853ms step_avg:245.11ms
step:1412/1695 train_time:346122ms step_avg:245.13ms
step:1413/1695 train_time:346385ms step_avg:245.14ms
step:1414/1695 train_time:346644ms step_avg:245.15ms
step:1415/1695 train_time:346908ms step_avg:245.16ms
step:1416/1695 train_time:347167ms step_avg:245.17ms
step:1417/1695 train_time:347424ms step_avg:245.18ms
step:1418/1695 train_time:347681ms step_avg:245.19ms
step:1419/1695 train_time:347942ms step_avg:245.20ms
step:1420/1695 train_time:348202ms step_avg:245.21ms
step:1421/1695 train_time:348464ms step_avg:245.22ms
step:1422/1695 train_time:348725ms step_avg:245.24ms
step:1423/1695 train_time:348986ms step_avg:245.25ms
step:1424/1695 train_time:349246ms step_avg:245.26ms
step:1425/1695 train_time:349510ms step_avg:245.27ms
step:1426/1695 train_time:349774ms step_avg:245.28ms
step:1427/1695 train_time:350034ms step_avg:245.29ms
step:1428/1695 train_time:350295ms step_avg:245.30ms
step:1429/1695 train_time:350555ms step_avg:245.32ms
step:1430/1695 train_time:350818ms step_avg:245.33ms
step:1431/1695 train_time:351081ms step_avg:245.34ms
step:1432/1695 train_time:351337ms step_avg:245.35ms
step:1433/1695 train_time:351597ms step_avg:245.36ms
step:1434/1695 train_time:351857ms step_avg:245.37ms
step:1435/1695 train_time:352118ms step_avg:245.38ms
step:1436/1695 train_time:352379ms step_avg:245.39ms
step:1437/1695 train_time:352640ms step_avg:245.40ms
step:1438/1695 train_time:352899ms step_avg:245.41ms
step:1439/1695 train_time:353165ms step_avg:245.42ms
step:1440/1695 train_time:353438ms step_avg:245.44ms
step:1441/1695 train_time:353701ms step_avg:245.46ms
step:1442/1695 train_time:353959ms step_avg:245.46ms
step:1443/1695 train_time:354218ms step_avg:245.47ms
step:1444/1695 train_time:354477ms step_avg:245.48ms
step:1445/1695 train_time:354739ms step_avg:245.49ms
step:1446/1695 train_time:354997ms step_avg:245.50ms
step:1447/1695 train_time:355259ms step_avg:245.51ms
step:1448/1695 train_time:355530ms step_avg:245.53ms
step:1449/1695 train_time:355788ms step_avg:245.54ms
step:1450/1695 train_time:356051ms step_avg:245.55ms
step:1451/1695 train_time:356310ms step_avg:245.56ms
step:1452/1695 train_time:356571ms step_avg:245.57ms
step:1453/1695 train_time:356830ms step_avg:245.58ms
step:1454/1695 train_time:357099ms step_avg:245.60ms
step:1455/1695 train_time:357359ms step_avg:245.61ms
step:1456/1695 train_time:357617ms step_avg:245.62ms
step:1457/1695 train_time:357878ms step_avg:245.63ms
step:1458/1695 train_time:358142ms step_avg:245.64ms
step:1459/1695 train_time:358405ms step_avg:245.65ms
step:1460/1695 train_time:358662ms step_avg:245.66ms
step:1461/1695 train_time:358927ms step_avg:245.67ms
step:1462/1695 train_time:359187ms step_avg:245.68ms
step:1463/1695 train_time:359446ms step_avg:245.69ms
step:1464/1695 train_time:359707ms step_avg:245.70ms
step:1465/1695 train_time:359965ms step_avg:245.71ms
step:1466/1695 train_time:360225ms step_avg:245.72ms
step:1467/1695 train_time:360483ms step_avg:245.73ms
step:1468/1695 train_time:360744ms step_avg:245.74ms
step:1469/1695 train_time:361003ms step_avg:245.75ms
step:1470/1695 train_time:361264ms step_avg:245.76ms
step:1471/1695 train_time:361525ms step_avg:245.77ms
step:1472/1695 train_time:361785ms step_avg:245.78ms
step:1473/1695 train_time:362046ms step_avg:245.79ms
step:1474/1695 train_time:362305ms step_avg:245.80ms
step:1475/1695 train_time:362564ms step_avg:245.81ms
step:1476/1695 train_time:362830ms step_avg:245.82ms
step:1477/1695 train_time:363093ms step_avg:245.83ms
step:1478/1695 train_time:363358ms step_avg:245.84ms
step:1479/1695 train_time:363617ms step_avg:245.85ms
step:1480/1695 train_time:363881ms step_avg:245.87ms
step:1481/1695 train_time:364144ms step_avg:245.88ms
step:1482/1695 train_time:364413ms step_avg:245.89ms
step:1483/1695 train_time:364674ms step_avg:245.90ms
step:1484/1695 train_time:364934ms step_avg:245.91ms
step:1485/1695 train_time:365204ms step_avg:245.93ms
step:1486/1695 train_time:365464ms step_avg:245.94ms
step:1487/1695 train_time:365725ms step_avg:245.95ms
step:1488/1695 train_time:365988ms step_avg:245.96ms
step:1489/1695 train_time:366252ms step_avg:245.97ms
step:1490/1695 train_time:366515ms step_avg:245.98ms
step:1491/1695 train_time:366776ms step_avg:245.99ms
step:1492/1695 train_time:367038ms step_avg:246.00ms
step:1493/1695 train_time:367299ms step_avg:246.01ms
step:1494/1695 train_time:367557ms step_avg:246.02ms
step:1495/1695 train_time:367817ms step_avg:246.03ms
step:1496/1695 train_time:368078ms step_avg:246.04ms
step:1497/1695 train_time:368335ms step_avg:246.05ms
step:1498/1695 train_time:368598ms step_avg:246.06ms
step:1499/1695 train_time:368857ms step_avg:246.07ms
step:1500/1695 train_time:369116ms step_avg:246.08ms
step:1500/1695 val_loss:3.3183 train_time:369378ms step_avg:246.25ms
step:1501/1695 train_time:369423ms step_avg:246.12ms
step:1502/1695 train_time:369638ms step_avg:246.10ms
step:1503/1695 train_time:369897ms step_avg:246.11ms
step:1504/1695 train_time:370155ms step_avg:246.11ms
step:1505/1695 train_time:370415ms step_avg:246.12ms
step:1506/1695 train_time:370678ms step_avg:246.13ms
step:1507/1695 train_time:370938ms step_avg:246.14ms
step:1508/1695 train_time:371196ms step_avg:246.15ms
step:1509/1695 train_time:371463ms step_avg:246.16ms
step:1510/1695 train_time:371724ms step_avg:246.18ms
step:1511/1695 train_time:371991ms step_avg:246.19ms
step:1512/1695 train_time:372251ms step_avg:246.20ms
step:1513/1695 train_time:372511ms step_avg:246.21ms
step:1514/1695 train_time:372774ms step_avg:246.22ms
step:1515/1695 train_time:373046ms step_avg:246.23ms
step:1516/1695 train_time:373307ms step_avg:246.24ms
step:1517/1695 train_time:373564ms step_avg:246.25ms
step:1518/1695 train_time:373825ms step_avg:246.26ms
step:1519/1695 train_time:374096ms step_avg:246.28ms
step:1520/1695 train_time:374357ms step_avg:246.29ms
step:1521/1695 train_time:374614ms step_avg:246.29ms
step:1522/1695 train_time:374876ms step_avg:246.30ms
step:1523/1695 train_time:375138ms step_avg:246.32ms
step:1524/1695 train_time:375407ms step_avg:246.33ms
step:1525/1695 train_time:375670ms step_avg:246.34ms
step:1526/1695 train_time:375933ms step_avg:246.35ms
step:1527/1695 train_time:376193ms step_avg:246.36ms
step:1528/1695 train_time:376470ms step_avg:246.38ms
step:1529/1695 train_time:376731ms step_avg:246.39ms
step:1530/1695 train_time:376999ms step_avg:246.40ms
step:1531/1695 train_time:377258ms step_avg:246.41ms
step:1532/1695 train_time:377519ms step_avg:246.42ms
step:1533/1695 train_time:377780ms step_avg:246.43ms
step:1534/1695 train_time:378039ms step_avg:246.44ms
step:1535/1695 train_time:378300ms step_avg:246.45ms
step:1536/1695 train_time:378560ms step_avg:246.46ms
step:1537/1695 train_time:378825ms step_avg:246.47ms
step:1538/1695 train_time:379083ms step_avg:246.48ms
step:1539/1695 train_time:379346ms step_avg:246.49ms
step:1540/1695 train_time:379607ms step_avg:246.50ms
step:1541/1695 train_time:379874ms step_avg:246.51ms
step:1542/1695 train_time:380143ms step_avg:246.53ms
step:1543/1695 train_time:380405ms step_avg:246.54ms
step:1544/1695 train_time:380666ms step_avg:246.55ms
step:1545/1695 train_time:380924ms step_avg:246.55ms
step:1546/1695 train_time:381183ms step_avg:246.56ms
step:1547/1695 train_time:381450ms step_avg:246.57ms
step:1548/1695 train_time:381715ms step_avg:246.59ms
step:1549/1695 train_time:381978ms step_avg:246.60ms
step:1550/1695 train_time:382238ms step_avg:246.61ms
step:1551/1695 train_time:382504ms step_avg:246.62ms
step:1552/1695 train_time:382768ms step_avg:246.63ms
step:1553/1695 train_time:383032ms step_avg:246.64ms
step:1554/1695 train_time:383289ms step_avg:246.65ms
step:1555/1695 train_time:383552ms step_avg:246.66ms
step:1556/1695 train_time:383811ms step_avg:246.67ms
step:1557/1695 train_time:384078ms step_avg:246.68ms
step:1558/1695 train_time:384345ms step_avg:246.69ms
step:1559/1695 train_time:384610ms step_avg:246.70ms
step:1560/1695 train_time:384869ms step_avg:246.71ms
step:1561/1695 train_time:385129ms step_avg:246.72ms
step:1562/1695 train_time:385395ms step_avg:246.73ms
step:1563/1695 train_time:385667ms step_avg:246.75ms
step:1564/1695 train_time:385928ms step_avg:246.76ms
step:1565/1695 train_time:386187ms step_avg:246.76ms
step:1566/1695 train_time:386452ms step_avg:246.78ms
step:1567/1695 train_time:386709ms step_avg:246.78ms
step:1568/1695 train_time:386967ms step_avg:246.79ms
step:1569/1695 train_time:387225ms step_avg:246.80ms
step:1570/1695 train_time:387488ms step_avg:246.81ms
step:1571/1695 train_time:387749ms step_avg:246.82ms
step:1572/1695 train_time:388007ms step_avg:246.82ms
step:1573/1695 train_time:388267ms step_avg:246.83ms
step:1574/1695 train_time:388528ms step_avg:246.84ms
step:1575/1695 train_time:388791ms step_avg:246.85ms
step:1576/1695 train_time:389056ms step_avg:246.86ms
step:1577/1695 train_time:389323ms step_avg:246.88ms
step:1578/1695 train_time:389581ms step_avg:246.88ms
step:1579/1695 train_time:389843ms step_avg:246.89ms
step:1580/1695 train_time:390108ms step_avg:246.90ms
step:1581/1695 train_time:390369ms step_avg:246.91ms
step:1582/1695 train_time:390628ms step_avg:246.92ms
step:1583/1695 train_time:390898ms step_avg:246.93ms
step:1584/1695 train_time:391162ms step_avg:246.95ms
step:1585/1695 train_time:391423ms step_avg:246.95ms
step:1586/1695 train_time:391687ms step_avg:246.97ms
step:1587/1695 train_time:391949ms step_avg:246.97ms
step:1588/1695 train_time:392209ms step_avg:246.98ms
step:1589/1695 train_time:392468ms step_avg:246.99ms
step:1590/1695 train_time:392729ms step_avg:247.00ms
step:1591/1695 train_time:392989ms step_avg:247.01ms
step:1592/1695 train_time:393254ms step_avg:247.02ms
step:1593/1695 train_time:393514ms step_avg:247.03ms
step:1594/1695 train_time:393790ms step_avg:247.05ms
step:1595/1695 train_time:394051ms step_avg:247.05ms
step:1596/1695 train_time:394312ms step_avg:247.06ms
step:1597/1695 train_time:394576ms step_avg:247.07ms
step:1598/1695 train_time:394839ms step_avg:247.08ms
step:1599/1695 train_time:395098ms step_avg:247.09ms
step:1600/1695 train_time:395360ms step_avg:247.10ms
step:1601/1695 train_time:395623ms step_avg:247.11ms
step:1602/1695 train_time:395884ms step_avg:247.12ms
step:1603/1695 train_time:396146ms step_avg:247.13ms
step:1604/1695 train_time:396405ms step_avg:247.14ms
step:1605/1695 train_time:396668ms step_avg:247.15ms
step:1606/1695 train_time:396931ms step_avg:247.16ms
step:1607/1695 train_time:397193ms step_avg:247.16ms
step:1608/1695 train_time:397453ms step_avg:247.17ms
step:1609/1695 train_time:397714ms step_avg:247.18ms
step:1610/1695 train_time:397980ms step_avg:247.19ms
step:1611/1695 train_time:398244ms step_avg:247.20ms
step:1612/1695 train_time:398506ms step_avg:247.21ms
step:1613/1695 train_time:398766ms step_avg:247.22ms
step:1614/1695 train_time:399027ms step_avg:247.23ms
step:1615/1695 train_time:399287ms step_avg:247.24ms
step:1616/1695 train_time:399546ms step_avg:247.24ms
step:1617/1695 train_time:399808ms step_avg:247.25ms
step:1618/1695 train_time:400069ms step_avg:247.26ms
step:1619/1695 train_time:400332ms step_avg:247.27ms
step:1620/1695 train_time:400596ms step_avg:247.28ms
step:1621/1695 train_time:400855ms step_avg:247.29ms
step:1622/1695 train_time:401116ms step_avg:247.30ms
step:1623/1695 train_time:401378ms step_avg:247.31ms
step:1624/1695 train_time:401646ms step_avg:247.32ms
step:1625/1695 train_time:401914ms step_avg:247.33ms
step:1625/1695 val_loss:3.2894 train_time:402179ms step_avg:247.50ms
step:1626/1695 train_time:402225ms step_avg:247.37ms
step:1627/1695 train_time:402443ms step_avg:247.35ms
step:1628/1695 train_time:402704ms step_avg:247.36ms
step:1629/1695 train_time:402967ms step_avg:247.37ms
step:1630/1695 train_time:403230ms step_avg:247.38ms
step:1631/1695 train_time:403493ms step_avg:247.39ms
step:1632/1695 train_time:403754ms step_avg:247.40ms
step:1633/1695 train_time:404017ms step_avg:247.41ms
step:1634/1695 train_time:404282ms step_avg:247.42ms
step:1635/1695 train_time:404546ms step_avg:247.43ms
step:1636/1695 train_time:404810ms step_avg:247.44ms
step:1637/1695 train_time:405071ms step_avg:247.45ms
step:1638/1695 train_time:405333ms step_avg:247.46ms
step:1639/1695 train_time:405594ms step_avg:247.46ms
step:1640/1695 train_time:405856ms step_avg:247.47ms
step:1641/1695 train_time:406124ms step_avg:247.49ms
step:1642/1695 train_time:406388ms step_avg:247.50ms
step:1643/1695 train_time:406650ms step_avg:247.50ms
step:1644/1695 train_time:406914ms step_avg:247.51ms
step:1645/1695 train_time:407180ms step_avg:247.53ms
step:1646/1695 train_time:407444ms step_avg:247.54ms
step:1647/1695 train_time:407713ms step_avg:247.55ms
step:1648/1695 train_time:407982ms step_avg:247.56ms
step:1649/1695 train_time:408244ms step_avg:247.57ms
step:1650/1695 train_time:408506ms step_avg:247.58ms
step:1651/1695 train_time:408769ms step_avg:247.59ms
step:1652/1695 train_time:409036ms step_avg:247.60ms
step:1653/1695 train_time:409300ms step_avg:247.61ms
step:1654/1695 train_time:409563ms step_avg:247.62ms
step:1655/1695 train_time:409828ms step_avg:247.63ms
step:1656/1695 train_time:410090ms step_avg:247.64ms
step:1657/1695 train_time:410352ms step_avg:247.65ms
step:1658/1695 train_time:410613ms step_avg:247.66ms
step:1659/1695 train_time:410890ms step_avg:247.67ms
step:1660/1695 train_time:411155ms step_avg:247.68ms
step:1661/1695 train_time:411421ms step_avg:247.69ms
step:1662/1695 train_time:411695ms step_avg:247.71ms
step:1663/1695 train_time:411957ms step_avg:247.72ms
step:1664/1695 train_time:412220ms step_avg:247.73ms
step:1665/1695 train_time:412496ms step_avg:247.75ms
step:1666/1695 train_time:412764ms step_avg:247.76ms
step:1667/1695 train_time:413027ms step_avg:247.77ms
step:1668/1695 train_time:413301ms step_avg:247.78ms
step:1669/1695 train_time:413571ms step_avg:247.80ms
step:1670/1695 train_time:413834ms step_avg:247.80ms
step:1671/1695 train_time:414096ms step_avg:247.81ms
step:1672/1695 train_time:414362ms step_avg:247.82ms
step:1673/1695 train_time:414626ms step_avg:247.83ms
step:1674/1695 train_time:414888ms step_avg:247.84ms
step:1675/1695 train_time:415154ms step_avg:247.85ms
step:1676/1695 train_time:415426ms step_avg:247.87ms
step:1677/1695 train_time:415687ms step_avg:247.88ms
step:1678/1695 train_time:415955ms step_avg:247.89ms
step:1679/1695 train_time:416219ms step_avg:247.90ms
step:1680/1695 train_time:416482ms step_avg:247.91ms
step:1681/1695 train_time:416749ms step_avg:247.92ms
step:1682/1695 train_time:417027ms step_avg:247.94ms
step:1683/1695 train_time:417291ms step_avg:247.94ms
step:1684/1695 train_time:417559ms step_avg:247.96ms
step:1685/1695 train_time:417825ms step_avg:247.97ms
step:1686/1695 train_time:418086ms step_avg:247.98ms
step:1687/1695 train_time:418352ms step_avg:247.99ms
step:1688/1695 train_time:418614ms step_avg:247.99ms
step:1689/1695 train_time:418874ms step_avg:248.00ms
step:1690/1695 train_time:419137ms step_avg:248.01ms
step:1691/1695 train_time:419400ms step_avg:248.02ms
step:1692/1695 train_time:419665ms step_avg:248.03ms
step:1693/1695 train_time:419930ms step_avg:248.04ms
step:1694/1695 train_time:420198ms step_avg:248.05ms
step:1695/1695 train_time:420464ms step_avg:248.06ms
step:1695/1695 val_loss:3.2764 train_time:420734ms step_avg:248.22ms
peak memory allocated: 33622 MiB reserved: 49798 MiB
